stm32g4xx_it.c:80:6:NMI_Handler	4	static
stm32g4xx_it.c:93:6:HardFault_Handler	4	static
stm32g4xx_it.c:108:6:MemManage_Handler	4	static
stm32g4xx_it.c:123:6:BusFault_Handler	4	static
stm32g4xx_it.c:138:6:UsageFault_Handler	4	static
stm32g4xx_it.c:153:6:SVC_Handler	4	static
stm32g4xx_it.c:166:6:DebugMon_Handler	4	static
stm32g4xx_it.c:179:6:PendSV_Handler	4	static
stm32g4xx_it.c:192:6:SysTick_Handler	8	static
stm32g4xx_it.c:213:6:DMA1_Channel1_IRQHandler	8	static
stm32g4xx_it.c:227:6:DMA1_Channel2_IRQHandler	8	static
stm32g4xx_it.c:241:6:DMA1_Channel3_IRQHandler	8	static
stm32g4xx_it.c:255:6:DMA1_Channel4_IRQHandler	8	static
stm32g4xx_it.c:269:6:DMA1_Channel5_IRQHandler	8	static
stm32g4xx_it.c:283:6:DMA1_Channel6_IRQHandler	8	static
stm32g4xx_it.c:297:6:DMA1_Channel7_IRQHandler	8	static
stm32g4xx_it.c:311:6:EXTI15_10_IRQHandler	8	static
stm32g4xx_it.c:325:6:UART4_IRQHandler	8	static
stm32g4xx_it.c:342:6:DMA2_Channel1_IRQHandler	8	static
stm32g4xx_it.c:356:6:LPUART1_IRQHandler	8	static
stm32g4xx_it.c:373:6:DMA1_Channel8_IRQHandler	8	static
