Archive member included to satisfy reference by file (symbol)

c:/st/stm32cubeide_1.3.0/stm32cubeide/plugins/com.st.stm32cube.ide.mcu.externaltools.gnu-tools-for-stm32.9-2020-q2-update.win32_1.5.0.202011040924/tools/bin/../lib/gcc/arm-none-eabi/9.3.1/../../../../arm-none-eabi/lib/thumb/v7e-m+fp/hard\libc_nano.a(lib_a-errno.o)
                              Core/Src/syscalls.o (__errno)
c:/st/stm32cubeide_1.3.0/stm32cubeide/plugins/com.st.stm32cube.ide.mcu.externaltools.gnu-tools-for-stm32.9-2020-q2-update.win32_1.5.0.202011040924/tools/bin/../lib/gcc/arm-none-eabi/9.3.1/../../../../arm-none-eabi/lib/thumb/v7e-m+fp/hard\libc_nano.a(lib_a-exit.o)
                              c:/st/stm32cubeide_1.3.0/stm32cubeide/plugins/com.st.stm32cube.ide.mcu.externaltools.gnu-tools-for-stm32.9-2020-q2-update.win32_1.5.0.202011040924/tools/bin/../lib/gcc/arm-none-eabi/9.3.1/../../../../arm-none-eabi/lib/thumb/v7e-m+fp/hard/crt0.o (exit)
c:/st/stm32cubeide_1.3.0/stm32cubeide/plugins/com.st.stm32cube.ide.mcu.externaltools.gnu-tools-for-stm32.9-2020-q2-update.win32_1.5.0.202011040924/tools/bin/../lib/gcc/arm-none-eabi/9.3.1/../../../../arm-none-eabi/lib/thumb/v7e-m+fp/hard\libc_nano.a(lib_a-impure.o)
                              c:/st/stm32cubeide_1.3.0/stm32cubeide/plugins/com.st.stm32cube.ide.mcu.externaltools.gnu-tools-for-stm32.9-2020-q2-update.win32_1.5.0.202011040924/tools/bin/../lib/gcc/arm-none-eabi/9.3.1/../../../../arm-none-eabi/lib/thumb/v7e-m+fp/hard\libc_nano.a(lib_a-exit.o) (_global_impure_ptr)
c:/st/stm32cubeide_1.3.0/stm32cubeide/plugins/com.st.stm32cube.ide.mcu.externaltools.gnu-tools-for-stm32.9-2020-q2-update.win32_1.5.0.202011040924/tools/bin/../lib/gcc/arm-none-eabi/9.3.1/../../../../arm-none-eabi/lib/thumb/v7e-m+fp/hard\libc_nano.a(lib_a-init.o)
                              c:/st/stm32cubeide_1.3.0/stm32cubeide/plugins/com.st.stm32cube.ide.mcu.externaltools.gnu-tools-for-stm32.9-2020-q2-update.win32_1.5.0.202011040924/tools/bin/../lib/gcc/arm-none-eabi/9.3.1/../../../../arm-none-eabi/lib/thumb/v7e-m+fp/hard/crt0.o (__libc_init_array)
c:/st/stm32cubeide_1.3.0/stm32cubeide/plugins/com.st.stm32cube.ide.mcu.externaltools.gnu-tools-for-stm32.9-2020-q2-update.win32_1.5.0.202011040924/tools/bin/../lib/gcc/arm-none-eabi/9.3.1/../../../../arm-none-eabi/lib/thumb/v7e-m+fp/hard\libc_nano.a(lib_a-memcmp.o)
                              Core/Src/uart_handler.o (memcmp)
c:/st/stm32cubeide_1.3.0/stm32cubeide/plugins/com.st.stm32cube.ide.mcu.externaltools.gnu-tools-for-stm32.9-2020-q2-update.win32_1.5.0.202011040924/tools/bin/../lib/gcc/arm-none-eabi/9.3.1/../../../../arm-none-eabi/lib/thumb/v7e-m+fp/hard\libc_nano.a(lib_a-memcpy-stub.o)
                              Core/Src/ringbuff.o (memcpy)
c:/st/stm32cubeide_1.3.0/stm32cubeide/plugins/com.st.stm32cube.ide.mcu.externaltools.gnu-tools-for-stm32.9-2020-q2-update.win32_1.5.0.202011040924/tools/bin/../lib/gcc/arm-none-eabi/9.3.1/../../../../arm-none-eabi/lib/thumb/v7e-m+fp/hard\libc_nano.a(lib_a-memset.o)
                              c:/st/stm32cubeide_1.3.0/stm32cubeide/plugins/com.st.stm32cube.ide.mcu.externaltools.gnu-tools-for-stm32.9-2020-q2-update.win32_1.5.0.202011040924/tools/bin/../lib/gcc/arm-none-eabi/9.3.1/../../../../arm-none-eabi/lib/thumb/v7e-m+fp/hard/crt0.o (memset)
c:/st/stm32cubeide_1.3.0/stm32cubeide/plugins/com.st.stm32cube.ide.mcu.externaltools.gnu-tools-for-stm32.9-2020-q2-update.win32_1.5.0.202011040924/tools/bin/../lib/gcc/arm-none-eabi/9.3.1/../../../../arm-none-eabi/lib/thumb/v7e-m+fp/hard\libc_nano.a(lib_a-sprintf.o)
                              Core/Src/clock.o (sprintf)
c:/st/stm32cubeide_1.3.0/stm32cubeide/plugins/com.st.stm32cube.ide.mcu.externaltools.gnu-tools-for-stm32.9-2020-q2-update.win32_1.5.0.202011040924/tools/bin/../lib/gcc/arm-none-eabi/9.3.1/../../../../arm-none-eabi/lib/thumb/v7e-m+fp/hard\libc_nano.a(lib_a-strlen.o)
                              Core/Src/clock.o (strlen)
c:/st/stm32cubeide_1.3.0/stm32cubeide/plugins/com.st.stm32cube.ide.mcu.externaltools.gnu-tools-for-stm32.9-2020-q2-update.win32_1.5.0.202011040924/tools/bin/../lib/gcc/arm-none-eabi/9.3.1/../../../../arm-none-eabi/lib/thumb/v7e-m+fp/hard\libc_nano.a(lib_a-nano-svfprintf.o)
                              c:/st/stm32cubeide_1.3.0/stm32cubeide/plugins/com.st.stm32cube.ide.mcu.externaltools.gnu-tools-for-stm32.9-2020-q2-update.win32_1.5.0.202011040924/tools/bin/../lib/gcc/arm-none-eabi/9.3.1/../../../../arm-none-eabi/lib/thumb/v7e-m+fp/hard\libc_nano.a(lib_a-sprintf.o) (_svfprintf_r)
c:/st/stm32cubeide_1.3.0/stm32cubeide/plugins/com.st.stm32cube.ide.mcu.externaltools.gnu-tools-for-stm32.9-2020-q2-update.win32_1.5.0.202011040924/tools/bin/../lib/gcc/arm-none-eabi/9.3.1/../../../../arm-none-eabi/lib/thumb/v7e-m+fp/hard\libc_nano.a(lib_a-nano-vfprintf_i.o)
[...]
Memory Configuration

Name             Origin             Length             Attributes
RAM              0x0000000020000000 0x0000000000020000 xrw
FLASH            0x0000000008000000 0x0000000000080000 xr
*default*        0x0000000000000000 0xffffffffffffffff

Linker script and memory map

LOAD c:/st/stm32cubeide_1.3.0/stm32cubeide/plugins/com.st.stm32cube.ide.mcu.externaltools.gnu-tools-for-stm32.9-2020-q2-update.win32_1.5.0.202011040924/tools/bin/../lib/gcc/arm-none-eabi/9.3.1/thumb/v7e-m+fp/hard/crti.o
LOAD c:/st/stm32cubeide_1.3.0/stm32cubeide/plugins/com.st.stm32cube.ide.mcu.externaltools.gnu-tools-for-stm32.9-2020-q2-update.win32_1.5.0.202011040924/tools/bin/../lib/gcc/arm-none-eabi/9.3.1/thumb/v7e-m+fp/hard/crtbegin.o
LOAD c:/st/stm32cubeide_1.3.0/stm32cubeide/plugins/com.st.stm32cube.ide.mcu.externaltools.gnu-tools-for-stm32.9-2020-q2-update.win32_1.5.0.202011040924/tools/bin/../lib/gcc/arm-none-eabi/9.3.1/../../../../arm-none-eabi/lib/thumb/v7e-m+fp/hard/crt0.o
LOAD Core/Src/clock.o
LOAD Core/Src/dma.o
LOAD Core/Src/dma_uart_rb.o
LOAD Core/Src/encoder.o
LOAD Core/Src/gpio.o
LOAD Core/Src/i2c.o
LOAD Core/Src/main.o
LOAD Core/Src/pca9685.o
LOAD Core/Src/ringbuff.o
LOAD Core/Src/rtc.o
LOAD Core/Src/seven_segment.o
LOAD Core/Src/stm32g4xx_hal_msp.o
LOAD Core/Src/stm32g4xx_it.o
LOAD Core/Src/syscalls.o
LOAD Core/Src/sysmem.o
LOAD Core/Src/system_stm32g4xx.o
LOAD Core/Src/tim.o
LOAD Core/Src/uart_handler.o
LOAD Core/Src/usart.o
LOAD Core/Src/utilities.o
LOAD Core/Src/ws2812b.o
LOAD Core/Startup/startup_stm32g474retx.o
LOAD Drivers/STM32G4xx_HAL_Driver/Src/stm32g4xx_hal.o
LOAD Drivers/STM32G4xx_HAL_Driver/Src/stm32g4xx_hal_cortex.o
LOAD Drivers/STM32G4xx_HAL_Driver/Src/stm32g4xx_hal_dma.o
LOAD Drivers/STM32G4xx_HAL_Driver/Src/stm32g4xx_hal_dma_ex.o
LOAD Drivers/STM32G4xx_HAL_Driver/Src/stm32g4xx_hal_exti.o
LOAD Drivers/STM32G4xx_HAL_Driver/Src/stm32g4xx_hal_flash.o
LOAD Drivers/STM32G4xx_HAL_Driver/Src/stm32g4xx_hal_flash_ex.o
LOAD Drivers/STM32G4xx_HAL_Driver/Src/stm32g4xx_hal_flash_ramfunc.o
LOAD Drivers/STM32G4xx_HAL_Driver/Src/stm32g4xx_hal_gpio.o
LOAD Drivers/STM32G4xx_HAL_Driver/Src/stm32g4xx_hal_i2c.o
LOAD Drivers/STM32G4xx_HAL_Driver/Src/stm32g4xx_hal_i2c_ex.o
LOAD Drivers/STM32G4xx_HAL_Driver/Src/stm32g4xx_hal_pwr.o
LOAD Drivers/STM32G4xx_HAL_Driver/Src/stm32g4xx_hal_pwr_ex.o
LOAD Drivers/STM32G4xx_HAL_Driver/Src/stm32g4xx_hal_rcc.o
LOAD Drivers/STM32G4xx_HAL_Driver/Src/stm32g4xx_hal_rcc_ex.o
LOAD Drivers/STM32G4xx_HAL_Driver/Src/stm32g4xx_hal_rtc.o
LOAD Drivers/STM32G4xx_HAL_Driver/Src/stm32g4xx_hal_rtc_ex.o
LOAD Drivers/STM32G4xx_HAL_Driver/Src/stm32g4xx_hal_tim.o
LOAD Drivers/STM32G4xx_HAL_Driver/Src/stm32g4xx_hal_tim_ex.o
LOAD Drivers/STM32G4xx_HAL_Driver/Src/stm32g4xx_hal_uart.o
LOAD Drivers/STM32G4xx_HAL_Driver/Src/stm32g4xx_hal_uart_ex.o
LOAD Drivers/STM32G4xx_HAL_Driver/Src/stm32g4xx_ll_pwr.o
START GROUP
LOAD c:/st/stm32cubeide_1.3.0/stm32cubeide/plugins/com.st.stm32cube.ide.mcu.externaltools.gnu-tools-for-stm32.9-2020-q2-update.win32_1.5.0.202011040924/tools/bin/../lib/gcc/arm-none-eabi/9.3.1/../../../../arm-none-eabi/lib/thumb/v7e-m+fp/hard\libc_nano.a
LOAD c:/st/stm32cubeide_1.3.0/stm32cubeide/plugins/com.st.stm32cube.ide.mcu.externaltools.gnu-tools-for-stm32.9-2020-q2-update.win32_1.5.0.202011040924/tools/bin/../lib/gcc/arm-none-eabi/9.3.1/../../../../arm-none-eabi/lib/thumb/v7e-m+fp/hard\libm.a
END GROUP
START GROUP
LOAD c:/st/stm32cubeide_1.3.0/stm32cubeide/plugins/com.st.stm32cube.ide.mcu.externaltools.gnu-tools-for-stm32.9-2020-q2-update.win32_1.5.0.202011040924/tools/bin/../lib/gcc/arm-none-eabi/9.3.1/thumb/v7e-m+fp/hard\libgcc.a
LOAD c:/st/stm32cubeide_1.3.0/stm32cubeide/plugins/com.st.stm32cube.ide.mcu.externaltools.gnu-tools-for-stm32.9-2020-q2-update.win32_1.5.0.202011040924/tools/bin/../lib/gcc/arm-none-eabi/9.3.1/../../../../arm-none-eabi/lib/thumb/v7e-m+fp/hard\libc_nano.a
END GROUP
START GROUP
LOAD c:/st/stm32cubeide_1.3.0/stm32cubeide/plugins/com.st.stm32cube.ide.mcu.externaltools.gnu-tools-for-stm32.9-2020-q2-update.win32_1.5.0.202011040924/tools/bin/../lib/gcc/arm-none-eabi/9.3.1/thumb/v7e-m+fp/hard\libgcc.a
LOAD c:/st/stm32cubeide_1.3.0/stm32cubeide/plugins/com.st.stm32cube.ide.mcu.externaltools.gnu-tools-for-stm32.9-2020-q2-update.win32_1.5.0.202011040924/tools/bin/../lib/gcc/arm-none-eabi/9.3.1/../../../../arm-none-eabi/lib/thumb/v7e-m+fp/hard\libc_nano.a
LOAD c:/st/stm32cubeide_1.3.0/stm32cubeide/plugins/com.st.stm32cube.ide.mcu.externaltools.gnu-tools-for-stm32.9-2020-q2-update.win32_1.5.0.202011040924/tools/bin/../lib/gcc/arm-none-eabi/9.3.1/../../../../arm-none-eabi/lib/thumb/v7e-m+fp/hard\libnosys.a
END GROUP
START GROUP
LOAD c:/st/stm32cubeide_1.3.0/stm32cubeide/plugins/com.st.stm32cube.ide.mcu.externaltools.gnu-tools-for-stm32.9-2020-q2-update.win32_1.5.0.202011040924/tools/bin/../lib/gcc/arm-none-eabi/9.3.1/thumb/v7e-m+fp/hard\libgcc.a
LOAD c:/st/stm32cubeide_1.3.0/stm32cubeide/plugins/com.st.stm32cube.ide.mcu.externaltools.gnu-tools-for-stm32.9-2020-q2-update.win32_1.5.0.202011040924/tools/bin/../lib/gcc/arm-none-eabi/9.3.1/../../../../arm-none-eabi/lib/thumb/v7e-m+fp/hard\libc_nano.a
LOAD c:/st/stm32cubeide_1.3.0/stm32cubeide/plugins/com.st.stm32cube.ide.mcu.externaltools.gnu-tools-for-stm32.9-2020-q2-update.win32_1.5.0.202011040924/tools/bin/../lib/gcc/arm-none-eabi/9.3.1/../../../../arm-none-eabi/lib/thumb/v7e-m+fp/hard\libnosys.a
END GROUP
LOAD c:/st/stm32cubeide_1.3.0/stm32cubeide/plugins/com.st.stm32cube.ide.mcu.externaltools.gnu-tools-for-stm32.9-2020-q2-update.win32_1.5.0.202011040924/tools/bin/../lib/gcc/arm-none-eabi/9.3.1/thumb/v7e-m+fp/hard/crtend.o
LOAD c:/st/stm32cubeide_1.3.0/stm32cubeide/plugins/com.st.stm32cube.ide.mcu.externaltools.gnu-tools-for-stm32.9-2020-q2-update.win32_1.5.0.202011040924/tools/bin/../lib/gcc/arm-none-eabi/9.3.1/thumb/v7e-m+fp/hard/crtn.o
                0x0000000020020000                _estack = (ORIGIN (RAM) + LENGTH (RAM))
                0x0000000000000200                _Min_Heap_Size = 0x200
                0x0000000000000400                _Min_Stack_Size = 0x400

.isr_vector     0x0000000008000000      0x1d8
                0x0000000008000000                . = ALIGN (0x4)
 *(.isr_vector)
 .isr_vector    0x0000000008000000      0x1d8 Core/Startup/startup_stm32g474retx.o
                0x0000000008000000                g_pfnVectors
                0x00000000080001d8                . = ALIGN (0x4)

.text           0x00000000080001e0     0xb8c8
                0x00000000080001e0                . = ALIGN (0x4)
 *(.text)
 .text          0x00000000080001e0       0x40 c:/st/stm32cubeide_1.3.0/stm32cubeide/plugins/com.st.stm32cube.ide.mcu.externaltools.gnu-tools-for-stm32.9-2020-q2-update.win32_1.5.0.202011040924/tools/bin/../lib/gcc/arm-none-eabi/9.3.1/thumb/v7e-m+fp/hard/crtbegin.o
 .text          0x0000000008000220       0x10 c:/st/stm32cubeide_1.3.0/stm32cubeide/plugins/com.st.stm32cube.ide.mcu.externaltools.gnu-tools-for-stm32.9-2020-q2-update.win32_1.5.0.202011040924/tools/bin/../lib/gcc/arm-none-eabi/9.3.1/../../../../arm-none-eabi/lib/thumb/v7e-m+fp/hard\libc_nano.a(lib_a-strlen.o)
                0x0000000008000220                strlen
 .text          0x0000000008000230       0xa0 c:/st/stm32cubeide_1.3.0/stm32cubeide/plugins/com.st.stm32cube.ide.mcu.externaltools.gnu-tools-for-stm32.9-2020-q2-update.win32_1.5.0.202011040924/tools/bin/../lib/gcc/arm-none-eabi/9.3.1/../../../../arm-none-eabi/lib/thumb/v7e-m+fp/hard\libc_nano.a(lib_a-memchr.o)
                0x0000000008000230                memchr
 .text          0x00000000080002d0      0x378 c:/st/stm32cubeide_1.3.0/stm32cubeide/plugins/com.st.stm32cube.ide.mcu.externaltools.gnu-tools-for-stm32.9-2020-q2-update.win32_1.5.0.202011040924/tools/bin/../lib/gcc/arm-none-eabi/9.3.1/thumb/v7e-m+fp/hard\libgcc.a(_arm_addsubdf3.o)
                0x00000000080002d0                __aeabi_drsub
                0x00000000080002d8                __aeabi_dsub
                0x00000000080002d8                __subdf3
                0x00000000080002dc                __aeabi_dadd
                0x00000000080002dc                __adddf3
                0x0000000008000554                __floatunsidf
                0x0000000008000554                __aeabi_ui2d
                0x0000000008000574                __floatsidf
                0x0000000008000574                __aeabi_i2d
                0x0000000008000598                __aeabi_f2d
                0x0000000008000598                __extendsfdf2
                0x00000000080005dc                __floatundidf
                0x00000000080005dc                __aeabi_ul2d
                0x00000000080005ec                __floatdidf
                0x00000000080005ec                __aeabi_l2d
 .text          0x0000000008000648      0x424 c:/st/stm32cubeide_1.3.0/stm32cubeide/plugins/com.st.stm32cube.ide.mcu.externaltools.gnu-tools-for-stm32.9-2020-q2-update.win32_1.5.0.202011040924/tools/bin/../lib/gcc/arm-none-eabi/9.3.1/thumb/v7e-m+fp/hard\libgcc.a(_arm_muldivdf3.o)
                0x0000000008000648                __aeabi_dmul
                0x0000000008000648                __muldf3
                0x000000000800089c                __divdf3
                0x000000000800089c                __aeabi_ddiv
 .text          0x0000000008000a6c      0x110 c:/st/stm32cubeide_1.3.0/stm32cubeide/plugins/com.st.stm32cube.ide.mcu.externaltools.gnu-tools-for-stm32.9-2020-q2-update.win32_1.5.0.202011040924/tools/bin/../lib/gcc/arm-none-eabi/9.3.1/thumb/v7e-m+fp/hard\libgcc.a(_arm_cmpdf2.o)
                0x0000000008000a6c                __gtdf2
                0x0000000008000a6c                __gedf2
                0x0000000008000a74                __ltdf2
                0x0000000008000a74                __ledf2
                0x0000000008000a7c                __nedf2
                0x0000000008000a7c                __eqdf2
                0x0000000008000a7c                __cmpdf2
                0x0000000008000af8                __aeabi_cdrcmple
                0x0000000008000b08                __aeabi_cdcmpeq
                0x0000000008000b08                __aeabi_cdcmple
                0x0000000008000b18                __aeabi_dcmpeq
                0x0000000008000b2c                __aeabi_dcmplt
                0x0000000008000b40                __aeabi_dcmple
                0x0000000008000b54                __aeabi_dcmpge
                0x0000000008000b68                __aeabi_dcmpgt
 .text          0x0000000008000b7c       0x40 c:/st/stm32cubeide_1.3.0/stm32cubeide/plugins/com.st.stm32cube.ide.mcu.externaltools.gnu-tools-for-stm32.9-2020-q2-update.win32_1.5.0.202011040924/tools/bin/../lib/gcc/arm-none-eabi/9.3.1/thumb/v7e-m+fp/hard\libgcc.a(_arm_fixunsdfsi.o)
                0x0000000008000b7c                __aeabi_d2uiz
                0x0000000008000b7c                __fixunsdfsi
 .text          0x0000000008000bbc       0xa0 c:/st/stm32cubeide_1.3.0/stm32cubeide/plugins/com.st.stm32cube.ide.mcu.externaltools.gnu-tools-for-stm32.9-2020-q2-update.win32_1.5.0.202011040924/tools/bin/../lib/gcc/arm-none-eabi/9.3.1/thumb/v7e-m+fp/hard\libgcc.a(_arm_truncdfsf2.o)
                0x0000000008000bbc                __truncdfsf2
                0x0000000008000bbc                __aeabi_d2f
 .text          0x0000000008000c5c       0x30 c:/st/stm32cubeide_1.3.0/stm32cubeide/plugins/com.st.stm32cube.ide.mcu.externaltools.gnu-tools-for-stm32.9-2020-q2-update.win32_1.5.0.202011040924/tools/bin/../lib/gcc/arm-none-eabi/9.3.1/thumb/v7e-m+fp/hard\libgcc.a(_aeabi_uldivmod.o)
                0x0000000008000c5c                __aeabi_uldivmod
 .text          0x0000000008000c8c      0x2c4 c:/st/stm32cubeide_1.3.0/stm32cubeide/plugins/com.st.stm32cube.ide.mcu.externaltools.gnu-tools-for-stm32.9-2020-q2-update.win32_1.5.0.202011040924/tools/bin/../lib/gcc/arm-none-eabi/9.3.1/thumb/v7e-m+fp/hard\libgcc.a(_udivmoddi4.o)
                0x0000000008000c8c                __udivmoddi4
 .text          0x0000000008000f50        0x4 c:/st/stm32cubeide_1.3.0/stm32cubeide/plugins/com.st.stm32cube.ide.mcu.externaltools.gnu-tools-for-stm32.9-2020-q2-update.win32_1.5.0.202011040924/tools/bin/../lib/gcc/arm-none-eabi/9.3.1/thumb/v7e-m+fp/hard\libgcc.a(_dvmd_tls.o)
                0x0000000008000f50                __aeabi_idiv0
                0x0000000008000f50                __aeabi_ldiv0
 *(.text*)
 .text.init_clock
                0x0000000008000f54       0x78 Core/Src/clock.o
                0x0000000008000f54                init_clock
 .text.set_time
                0x0000000008000fcc       0xa4 Core/Src/clock.o
                0x0000000008000fcc                set_time
 .text.set_time_all
                0x0000000008001070       0x60 Core/Src/clock.o
                0x0000000008001070                set_time_all
 .text.get_time
                0x00000000080010d0       0x30 Core/Src/clock.o
                0x00000000080010d0                get_time
 .text.serialTime
                0x0000000008001100       0x6c Core/Src/clock.o
                0x0000000008001100                serialTime
 .text.MX_DMA_Init
                0x000000000800116c       0xec Core/Src/dma.o
                0x000000000800116c                MX_DMA_Init
 .text.TX_Data  0x0000000008001258       0x54 Core/Src/dma_uart_rb.o
 .text.TX_Complete
                0x00000000080012ac       0x30 Core/Src/dma_uart_rb.o
                0x00000000080012ac                TX_Complete
 .text.HAL_UART_TxCpltCallback
                0x00000000080012dc       0x3c Core/Src/dma_uart_rb.o
                0x00000000080012dc                HAL_UART_TxCpltCallback
 .text.RX_Init  0x0000000008001318       0x60 Core/Src/dma_uart_rb.o
                0x0000000008001318                RX_Init
 .text.RX_Complete
                0x0000000008001378       0x80 Core/Src/dma_uart_rb.o
                0x0000000008001378                RX_Complete
 .text.HAL_UART_RxCpltCallback
                0x00000000080013f8       0x34 Core/Src/dma_uart_rb.o
                0x00000000080013f8                HAL_UART_RxCpltCallback
 .text.MX_GPIO_Init
                0x000000000800142c       0xf8 Core/Src/gpio.o
                0x000000000800142c                MX_GPIO_Init
 .text.MX_I2C1_Init
                0x0000000008001524       0x80 Core/Src/i2c.o
                0x0000000008001524                MX_I2C1_Init
 .text.MX_I2C2_Init
                0x00000000080015a4       0x80 Core/Src/i2c.o
                0x00000000080015a4                MX_I2C2_Init
 .text.HAL_I2C_MspInit
                0x0000000008001624      0x164 Core/Src/i2c.o
                0x0000000008001624                HAL_I2C_MspInit
 .text.main     0x0000000008001788      0x3d8 Core/Src/main.o
                0x0000000008001788                main
 .text.SystemClock_Config
                0x0000000008001b60      0x100 Core/Src/main.o
                0x0000000008001b60                SystemClock_Config
 .text.Error_Handler
                0x0000000008001c60        0xe Core/Src/main.o
                0x0000000008001c60                Error_Handler
 .text.PCA9685_SetBit
                0x0000000008001c6e       0xb4 Core/Src/pca9685.o
                0x0000000008001c6e                PCA9685_SetBit
 .text.PCA9685_SoftwareReset
                0x0000000008001d22       0x32 Core/Src/pca9685.o
                0x0000000008001d22                PCA9685_SoftwareReset
 .text.PCA9685_SleepMode
                0x0000000008001d54       0x22 Core/Src/pca9685.o
                0x0000000008001d54                PCA9685_SleepMode
 .text.PCA9685_RestartMode
                0x0000000008001d76       0x22 Core/Src/pca9685.o
                0x0000000008001d76                PCA9685_RestartMode
 .text.PCA9685_AutoIncrement
                0x0000000008001d98       0x22 Core/Src/pca9685.o
                0x0000000008001d98                PCA9685_AutoIncrement
 *fill*         0x0000000008001dba        0x6 
 .text.PCA9685_SetPwmFrequency
                0x0000000008001dc0       0xfc Core/Src/pca9685.o
                0x0000000008001dc0                PCA9685_SetPwmFrequency
 .text.PCA9685_SetPwm
                0x0000000008001ebc       0x74 Core/Src/pca9685.o
                0x0000000008001ebc                PCA9685_SetPwm
 .text.PCA9685_SetPin
                0x0000000008001f30       0xc4 Core/Src/pca9685.o
                0x0000000008001f30                PCA9685_SetPin
 *fill*         0x0000000008001ff4        0x4 
 .text.PCA9685_SetServoAngle
                0x0000000008001ff8       0xb8 Core/Src/pca9685.o
                0x0000000008001ff8                PCA9685_SetServoAngle
 .text.PCA9685_Init
                0x00000000080020b0       0x28 Core/Src/pca9685.o
                0x00000000080020b0                PCA9685_Init
 .text.ringbuff_init
                0x00000000080020d8       0x58 Core/Src/ringbuff.o
                0x00000000080020d8                ringbuff_init
 .text.ringbuff_set_evt_fn
                0x0000000008002130       0x50 Core/Src/ringbuff.o
                0x0000000008002130                ringbuff_set_evt_fn
 .text.ringbuff_read
                0x0000000008002180      0x104 Core/Src/ringbuff.o
                0x0000000008002180                ringbuff_read
 .text.ringbuff_get_free
                0x0000000008002284       0x8c Core/Src/ringbuff.o
                0x0000000008002284                ringbuff_get_free
 .text.ringbuff_get_full
                0x0000000008002310       0x88 Core/Src/ringbuff.o
                0x0000000008002310                ringbuff_get_full
 .text.ringbuff_get_linear_block_read_address
                0x0000000008002398       0x54 Core/Src/ringbuff.o
                0x0000000008002398                ringbuff_get_linear_block_read_address
 .text.ringbuff_get_linear_block_read_length
                0x00000000080023ec       0x84 Core/Src/ringbuff.o
                0x00000000080023ec                ringbuff_get_linear_block_read_length
 .text.ringbuff_skip
                0x0000000008002470       0xa0 Core/Src/ringbuff.o
                0x0000000008002470                ringbuff_skip
 .text.ringbuff_advance
                0x0000000008002510       0xa0 Core/Src/ringbuff.o
                0x0000000008002510                ringbuff_advance
 .text.MX_RTC_Init
                0x00000000080025b0       0x4c Core/Src/rtc.o
                0x00000000080025b0                MX_RTC_Init
 .text.HAL_RTC_MspInit
                0x00000000080025fc       0x38 Core/Src/rtc.o
                0x00000000080025fc                HAL_RTC_MspInit
 .text.init_Digit
                0x0000000008002634       0x56 Core/Src/seven_segment.o
                0x0000000008002634                init_Digit
 *fill*         0x000000000800268a        0x2 
 .text.parse_ones
                0x000000000800268c       0x30 Core/Src/seven_segment.o
                0x000000000800268c                parse_ones
 .text.parse_tens
                0x00000000080026bc       0x28 Core/Src/seven_segment.o
                0x00000000080026bc                parse_tens
 .text.update_Digits
                0x00000000080026e4       0x84 Core/Src/seven_segment.o
                0x00000000080026e4                update_Digits
 .text.transform_Digit
                0x0000000008002768       0x34 Core/Src/seven_segment.o
                0x0000000008002768                transform_Digit
 .text.render_Digits
                0x000000000800279c       0x2e Core/Src/seven_segment.o
                0x000000000800279c                render_Digits
 .text.render_sep
                0x00000000080027ca       0x6c Core/Src/seven_segment.o
                0x00000000080027ca                render_sep
 *fill*         0x0000000008002836        0x2 
 .text.get_SetLSArray
                0x0000000008002838       0xb8 Core/Src/seven_segment.o
                0x0000000008002838                get_SetLSArray
 .text.display_LEDValue
                0x00000000080028f0       0x98 Core/Src/seven_segment.o
                0x00000000080028f0                display_LEDValue
 .text.get_SetArray
                0x0000000008002988       0x50 Core/Src/seven_segment.o
                0x0000000008002988                get_SetArray
 .text.set_Digit_servo
                0x00000000080029d8       0x92 Core/Src/seven_segment.o
                0x00000000080029d8                set_Digit_servo
 .text.all_Digit_servo
                0x0000000008002a6a       0x9e Core/Src/seven_segment.o
                0x0000000008002a6a                all_Digit_servo
 .text.set_Digit_servo_angle
                0x0000000008002b08       0x52 Core/Src/seven_segment.o
                0x0000000008002b08                set_Digit_servo_angle
 .text.init_offsets
                0x0000000008002b5a       0x54 Core/Src/seven_segment.o
                0x0000000008002b5a                init_offsets
 *fill*         0x0000000008002bae        0x2 
 .text.LL_PWR_DisableUCPDDeadBattery
                0x0000000008002bb0       0x20 Core/Src/stm32g4xx_hal_msp.o
 .text.HAL_MspInit
                0x0000000008002bd0       0x48 Core/Src/stm32g4xx_hal_msp.o
                0x0000000008002bd0                HAL_MspInit
 .text.NMI_Handler
                0x0000000008002c18        0xe Core/Src/stm32g4xx_it.o
                0x0000000008002c18                NMI_Handler
 .text.HardFault_Handler
                0x0000000008002c26        0x6 Core/Src/stm32g4xx_it.o
                0x0000000008002c26                HardFault_Handler
 .text.MemManage_Handler
                0x0000000008002c2c        0x6 Core/Src/stm32g4xx_it.o
                0x0000000008002c2c                MemManage_Handler
 .text.BusFault_Handler
                0x0000000008002c32        0x6 Core/Src/stm32g4xx_it.o
                0x0000000008002c32                BusFault_Handler
 .text.UsageFault_Handler
                0x0000000008002c38        0x6 Core/Src/stm32g4xx_it.o
                0x0000000008002c38                UsageFault_Handler
 .text.SVC_Handler
                0x0000000008002c3e        0xe Core/Src/stm32g4xx_it.o
                0x0000000008002c3e                SVC_Handler
 .text.DebugMon_Handler
                0x0000000008002c4c        0xe Core/Src/stm32g4xx_it.o
                0x0000000008002c4c                DebugMon_Handler
 .text.PendSV_Handler
                0x0000000008002c5a        0xe Core/Src/stm32g4xx_it.o
                0x0000000008002c5a                PendSV_Handler
 .text.SysTick_Handler
                0x0000000008002c68        0xc Core/Src/stm32g4xx_it.o
                0x0000000008002c68                SysTick_Handler
 .text.DMA1_Channel1_IRQHandler
                0x0000000008002c74       0x14 Core/Src/stm32g4xx_it.o
                0x0000000008002c74                DMA1_Channel1_IRQHandler
 .text.DMA1_Channel2_IRQHandler
                0x0000000008002c88       0x14 Core/Src/stm32g4xx_it.o
                0x0000000008002c88                DMA1_Channel2_IRQHandler
 .text.DMA1_Channel3_IRQHandler
                0x0000000008002c9c       0x14 Core/Src/stm32g4xx_it.o
                0x0000000008002c9c                DMA1_Channel3_IRQHandler
 .text.DMA1_Channel4_IRQHandler
                0x0000000008002cb0       0x14 Core/Src/stm32g4xx_it.o
                0x0000000008002cb0                DMA1_Channel4_IRQHandler
 .text.DMA1_Channel5_IRQHandler
                0x0000000008002cc4       0x14 Core/Src/stm32g4xx_it.o
                0x0000000008002cc4                DMA1_Channel5_IRQHandler
 .text.DMA1_Channel6_IRQHandler
                0x0000000008002cd8       0x14 Core/Src/stm32g4xx_it.o
                0x0000000008002cd8                DMA1_Channel6_IRQHandler
 .text.DMA1_Channel7_IRQHandler
                0x0000000008002cec       0x14 Core/Src/stm32g4xx_it.o
                0x0000000008002cec                DMA1_Channel7_IRQHandler
 .text.EXTI15_10_IRQHandler
                0x0000000008002d00       0x10 Core/Src/stm32g4xx_it.o
                0x0000000008002d00                EXTI15_10_IRQHandler
 .text.UART4_IRQHandler
                0x0000000008002d10       0x30 Core/Src/stm32g4xx_it.o
                0x0000000008002d10                UART4_IRQHandler
 .text.DMA2_Channel1_IRQHandler
                0x0000000008002d40       0x14 Core/Src/stm32g4xx_it.o
                0x0000000008002d40                DMA2_Channel1_IRQHandler
 .text.LPUART1_IRQHandler
                0x0000000008002d54       0x30 Core/Src/stm32g4xx_it.o
                0x0000000008002d54                LPUART1_IRQHandler
 .text.DMA1_Channel8_IRQHandler
                0x0000000008002d84       0x14 Core/Src/stm32g4xx_it.o
                0x0000000008002d84                DMA1_Channel8_IRQHandler
 .text._sbrk    0x0000000008002d98       0x58 Core/Src/sysmem.o
                0x0000000008002d98                _sbrk
 .text.SystemInit
                0x0000000008002df0       0x2c Core/Src/system_stm32g4xx.o
                0x0000000008002df0                SystemInit
 .text.MX_TIM1_Init
                0x0000000008002e1c       0xd4 Core/Src/tim.o
                0x0000000008002e1c                MX_TIM1_Init
 .text.MX_TIM2_Init
                0x0000000008002ef0       0xa8 Core/Src/tim.o
                0x0000000008002ef0                MX_TIM2_Init
 .text.MX_TIM3_Init
                0x0000000008002f98      0x120 Core/Src/tim.o
                0x0000000008002f98                MX_TIM3_Init
 .text.MX_TIM4_Init
                0x00000000080030b8      0x108 Core/Src/tim.o
                0x00000000080030b8                MX_TIM4_Init
 .text.HAL_TIM_Base_MspInit
                0x00000000080031c0      0x264 Core/Src/tim.o
                0x00000000080031c0                HAL_TIM_Base_MspInit
 .text.HAL_TIM_Encoder_MspInit
                0x0000000008003424       0x80 Core/Src/tim.o
                0x0000000008003424                HAL_TIM_Encoder_MspInit
 .text.HAL_TIM_MspPostInit
                0x00000000080034a4       0xf4 Core/Src/tim.o
                0x00000000080034a4                HAL_TIM_MspPostInit
 .text.init_handler
                0x0000000008003598       0x24 Core/Src/uart_handler.o
                0x0000000008003598                init_handler
 .text.Process_Uart_In
                0x00000000080035bc      0x188 Core/Src/uart_handler.o
                0x00000000080035bc                Process_Uart_In
 .text.change_time
                0x0000000008003744       0xa4 Core/Src/uart_handler.o
                0x0000000008003744                change_time
 .text.cal_servos
                0x00000000080037e8      0x1b4 Core/Src/uart_handler.o
                0x00000000080037e8                cal_servos
 .text.MX_LPUART1_UART_Init
                0x000000000800399c       0x8c Core/Src/usart.o
                0x000000000800399c                MX_LPUART1_UART_Init
 .text.MX_UART4_Init
                0x0000000008003a28       0x98 Core/Src/usart.o
                0x0000000008003a28                MX_UART4_Init
 .text.HAL_UART_MspInit
                0x0000000008003ac0      0x278 Core/Src/usart.o
                0x0000000008003ac0                HAL_UART_MspInit
 .text.delay_us
                0x0000000008003d38       0x34 Core/Src/utilities.o
                0x0000000008003d38                delay_us
 .text.LS_init  0x0000000008003d6c       0x80 Core/Src/ws2812b.o
                0x0000000008003d6c                LS_init
 .text.set_RGB  0x0000000008003dec       0x5a Core/Src/ws2812b.o
                0x0000000008003dec                set_RGB
 *fill*         0x0000000008003e46        0x2 
 .text.write_RGB
                0x0000000008003e48      0x190 Core/Src/ws2812b.o
                0x0000000008003e48                write_RGB
 .text.HAL_TIM_PWM_PulseFinishedHalfCpltCallback
                0x0000000008003fd8      0x138 Core/Src/ws2812b.o
                0x0000000008003fd8                HAL_TIM_PWM_PulseFinishedHalfCpltCallback
 .text.HAL_TIM_PWM_PulseFinishedCallback
                0x0000000008004110      0x158 Core/Src/ws2812b.o
                0x0000000008004110                HAL_TIM_PWM_PulseFinishedCallback
 .text.hsl_to_rgb
                0x0000000008004268      0x18c Core/Src/ws2812b.o
                0x0000000008004268                hsl_to_rgb
 .text.Reset_Handler
                0x00000000080043f4       0x50 Core/Startup/startup_stm32g474retx.o
                0x00000000080043f4                Reset_Handler
 .text.Default_Handler
                0x0000000008004444        0x2 Core/Startup/startup_stm32g474retx.o
                0x0000000008004444                RTC_Alarm_IRQHandler
                0x0000000008004444                EXTI2_IRQHandler
                0x0000000008004444                TIM8_TRG_COM_IRQHandler
                0x0000000008004444                TIM8_CC_IRQHandler
                0x0000000008004444                HRTIM1_Master_IRQHandler
                0x0000000008004444                SPI4_IRQHandler
                0x0000000008004444                FDCAN3_IT0_IRQHandler
                0x0000000008004444                TIM1_CC_IRQHandler
                0x0000000008004444                HRTIM1_FLT_IRQHandler
                0x0000000008004444                HRTIM1_TIMF_IRQHandler
                0x0000000008004444                USB_HP_IRQHandler
                0x0000000008004444                CORDIC_IRQHandler
                0x0000000008004444                HRTIM1_TIMD_IRQHandler
                0x0000000008004444                DMA2_Channel8_IRQHandler
                0x0000000008004444                EXTI3_IRQHandler
                0x0000000008004444                I2C3_ER_IRQHandler
                0x0000000008004444                EXTI0_IRQHandler
                0x0000000008004444                I2C2_EV_IRQHandler
                0x0000000008004444                FPU_IRQHandler
                0x0000000008004444                FDCAN1_IT1_IRQHandler
                0x0000000008004444                TIM1_UP_TIM16_IRQHandler
                0x0000000008004444                ADC1_2_IRQHandler
                0x0000000008004444                HRTIM1_TIME_IRQHandler
                0x0000000008004444                SPI1_IRQHandler
                0x0000000008004444                TIM6_DAC_IRQHandler
                0x0000000008004444                HRTIM1_TIMC_IRQHandler
                0x0000000008004444                TIM8_UP_IRQHandler
                0x0000000008004444                DMA2_Channel2_IRQHandler
                0x0000000008004444                TIM20_TRG_COM_IRQHandler
                0x0000000008004444                USART3_IRQHandler
                0x0000000008004444                UART5_IRQHandler
                0x0000000008004444                ADC3_IRQHandler
                0x0000000008004444                TIM4_IRQHandler
                0x0000000008004444                QUADSPI_IRQHandler
                0x0000000008004444                I2C1_EV_IRQHandler
                0x0000000008004444                DMA2_Channel4_IRQHandler
                0x0000000008004444                TIM3_IRQHandler
                0x0000000008004444                RCC_IRQHandler
                0x0000000008004444                TIM20_UP_IRQHandler
                0x0000000008004444                Default_Handler
                0x0000000008004444                DMA2_Channel7_IRQHandler
                0x0000000008004444                RTC_TAMP_LSECSS_IRQHandler
                0x0000000008004444                FMAC_IRQHandler
                0x0000000008004444                HRTIM1_TIMA_IRQHandler
                0x0000000008004444                TIM7_DAC_IRQHandler
                0x0000000008004444                FDCAN3_IT1_IRQHandler
                0x0000000008004444                TIM5_IRQHandler
                0x0000000008004444                UCPD1_IRQHandler
                0x0000000008004444                I2C3_EV_IRQHandler
                0x0000000008004444                EXTI9_5_IRQHandler
                0x0000000008004444                RTC_WKUP_IRQHandler
                0x0000000008004444                PVD_PVM_IRQHandler
                0x0000000008004444                SPI2_IRQHandler
                0x0000000008004444                ADC5_IRQHandler
                0x0000000008004444                DMA2_Channel5_IRQHandler
                0x0000000008004444                CRS_IRQHandler
                0x0000000008004444                USB_LP_IRQHandler
                0x0000000008004444                EXTI4_IRQHandler
                0x0000000008004444                RNG_IRQHandler
                0x0000000008004444                HRTIM1_TIMB_IRQHandler
                0x0000000008004444                TIM1_TRG_COM_TIM17_IRQHandler
                0x0000000008004444                FDCAN2_IT1_IRQHandler
                0x0000000008004444                ADC4_IRQHandler
                0x0000000008004444                WWDG_IRQHandler
                0x0000000008004444                I2C4_EV_IRQHandler
                0x0000000008004444                FDCAN2_IT0_IRQHandler
                0x0000000008004444                DMA2_Channel6_IRQHandler
                0x0000000008004444                FDCAN1_IT0_IRQHandler
                0x0000000008004444                TIM2_IRQHandler
                0x0000000008004444                COMP7_IRQHandler
                0x0000000008004444                COMP1_2_3_IRQHandler
                0x0000000008004444                EXTI1_IRQHandler
                0x0000000008004444                USART2_IRQHandler
                0x0000000008004444                COMP4_5_6_IRQHandler
                0x0000000008004444                TIM20_BRK_IRQHandler
                0x0000000008004444                I2C2_ER_IRQHandler
                0x0000000008004444                TIM8_BRK_IRQHandler
                0x0000000008004444                FLASH_IRQHandler
                0x0000000008004444                TIM20_CC_IRQHandler
                0x0000000008004444                USART1_IRQHandler
                0x0000000008004444                SPI3_IRQHandler
                0x0000000008004444                I2C1_ER_IRQHandler
                0x0000000008004444                FMC_IRQHandler
                0x0000000008004444                LPTIM1_IRQHandler
                0x0000000008004444                DMAMUX_OVR_IRQHandler
                0x0000000008004444                I2C4_ER_IRQHandler
                0x0000000008004444                USBWakeUp_IRQHandler
                0x0000000008004444                SAI1_IRQHandler
                0x0000000008004444                DMA2_Channel3_IRQHandler
                0x0000000008004444                TIM1_BRK_TIM15_IRQHandler
 .text.HAL_Init
                0x0000000008004446       0x30 Drivers/STM32G4xx_HAL_Driver/Src/stm32g4xx_hal.o
                0x0000000008004446                HAL_Init
 *fill*         0x0000000008004476        0x2 
 .text.HAL_InitTick
                0x0000000008004478       0x74 Drivers/STM32G4xx_HAL_Driver/Src/stm32g4xx_hal.o
                0x0000000008004478                HAL_InitTick
 .text.HAL_IncTick
                0x00000000080044ec       0x24 Drivers/STM32G4xx_HAL_Driver/Src/stm32g4xx_hal.o
                0x00000000080044ec                HAL_IncTick
 .text.HAL_GetTick
                0x0000000008004510       0x18 Drivers/STM32G4xx_HAL_Driver/Src/stm32g4xx_hal.o
                0x0000000008004510                HAL_GetTick
 .text.HAL_Delay
                0x0000000008004528       0x44 Drivers/STM32G4xx_HAL_Driver/Src/stm32g4xx_hal.o
                0x0000000008004528                HAL_Delay
 .text.__NVIC_SetPriorityGrouping
                0x000000000800456c       0x48 Drivers/STM32G4xx_HAL_Driver/Src/stm32g4xx_hal_cortex.o
 .text.__NVIC_GetPriorityGrouping
                0x00000000080045b4       0x1c Drivers/STM32G4xx_HAL_Driver/Src/stm32g4xx_hal_cortex.o
 .text.__NVIC_EnableIRQ
                0x00000000080045d0       0x3c Drivers/STM32G4xx_HAL_Driver/Src/stm32g4xx_hal_cortex.o
 .text.__NVIC_SetPriority
                0x000000000800460c       0x54 Drivers/STM32G4xx_HAL_Driver/Src/stm32g4xx_hal_cortex.o
 .text.NVIC_EncodePriority
                0x0000000008004660       0x66 Drivers/STM32G4xx_HAL_Driver/Src/stm32g4xx_hal_cortex.o
 *fill*         0x00000000080046c6        0x2 
 .text.SysTick_Config
                0x00000000080046c8       0x44 Drivers/STM32G4xx_HAL_Driver/Src/stm32g4xx_hal_cortex.o
 .text.HAL_NVIC_SetPriorityGrouping
                0x000000000800470c       0x16 Drivers/STM32G4xx_HAL_Driver/Src/stm32g4xx_hal_cortex.o
                0x000000000800470c                HAL_NVIC_SetPriorityGrouping
 .text.HAL_NVIC_SetPriority
                0x0000000008004722       0x34 Drivers/STM32G4xx_HAL_Driver/Src/stm32g4xx_hal_cortex.o
                0x0000000008004722                HAL_NVIC_SetPriority
 .text.HAL_NVIC_EnableIRQ
                0x0000000008004756       0x1c Drivers/STM32G4xx_HAL_Driver/Src/stm32g4xx_hal_cortex.o
                0x0000000008004756                HAL_NVIC_EnableIRQ
 .text.HAL_SYSTICK_Config
                0x0000000008004772       0x18 Drivers/STM32G4xx_HAL_Driver/Src/stm32g4xx_hal_cortex.o
                0x0000000008004772                HAL_SYSTICK_Config
 *fill*         0x000000000800478a        0x2 
 .text.HAL_DMA_Init
                0x000000000800478c      0x150 Drivers/STM32G4xx_HAL_Driver/Src/stm32g4xx_hal_dma.o
                0x000000000800478c                HAL_DMA_Init
 .text.HAL_DMA_Start_IT
                0x00000000080048dc       0xf6 Drivers/STM32G4xx_HAL_Driver/Src/stm32g4xx_hal_dma.o
                0x00000000080048dc                HAL_DMA_Start_IT
 .text.HAL_DMA_Abort_IT
                0x00000000080049d2       0xce Drivers/STM32G4xx_HAL_Driver/Src/stm32g4xx_hal_dma.o
                0x00000000080049d2                HAL_DMA_Abort_IT
 .text.HAL_DMA_IRQHandler
                0x0000000008004aa0      0x15e Drivers/STM32G4xx_HAL_Driver/Src/stm32g4xx_hal_dma.o
                0x0000000008004aa0                HAL_DMA_IRQHandler
 .text.DMA_SetConfig
                0x0000000008004bfe       0x7c Drivers/STM32G4xx_HAL_Driver/Src/stm32g4xx_hal_dma.o
 *fill*         0x0000000008004c7a        0x2 
 .text.DMA_CalcDMAMUXChannelBaseAndMask
                0x0000000008004c7c       0x7c Drivers/STM32G4xx_HAL_Driver/Src/stm32g4xx_hal_dma.o
 .text.DMA_CalcDMAMUXRequestGenBaseAndMask
                0x0000000008004cf8       0x48 Drivers/STM32G4xx_HAL_Driver/Src/stm32g4xx_hal_dma.o
 .text.HAL_GPIO_Init
                0x0000000008004d40      0x304 Drivers/STM32G4xx_HAL_Driver/Src/stm32g4xx_hal_gpio.o
                0x0000000008004d40                HAL_GPIO_Init
 .text.HAL_GPIO_WritePin
                0x0000000008005044       0x30 Drivers/STM32G4xx_HAL_Driver/Src/stm32g4xx_hal_gpio.o
                0x0000000008005044                HAL_GPIO_WritePin
 .text.HAL_GPIO_TogglePin
                0x0000000008005074       0x32 Drivers/STM32G4xx_HAL_Driver/Src/stm32g4xx_hal_gpio.o
                0x0000000008005074                HAL_GPIO_TogglePin
 *fill*         0x00000000080050a6        0x2 
 .text.HAL_GPIO_EXTI_IRQHandler
                0x00000000080050a8       0x30 Drivers/STM32G4xx_HAL_Driver/Src/stm32g4xx_hal_gpio.o
                0x00000000080050a8                HAL_GPIO_EXTI_IRQHandler
 .text.HAL_GPIO_EXTI_Callback
                0x00000000080050d8       0x16 Drivers/STM32G4xx_HAL_Driver/Src/stm32g4xx_hal_gpio.o
                0x00000000080050d8                HAL_GPIO_EXTI_Callback
 .text.HAL_I2C_Init
                0x00000000080050ee      0x11e Drivers/STM32G4xx_HAL_Driver/Src/stm32g4xx_hal_i2c.o
                0x00000000080050ee                HAL_I2C_Init
 .text.HAL_I2C_Master_Transmit
                0x000000000800520c      0x1e8 Drivers/STM32G4xx_HAL_Driver/Src/stm32g4xx_hal_i2c.o
                0x000000000800520c                HAL_I2C_Master_Transmit
 .text.HAL_I2C_Mem_Write
                0x00000000080053f4      0x228 Drivers/STM32G4xx_HAL_Driver/Src/stm32g4xx_hal_i2c.o
                0x00000000080053f4                HAL_I2C_Mem_Write
 .text.HAL_I2C_Mem_Read
                0x000000000800561c      0x234 Drivers/STM32G4xx_HAL_Driver/Src/stm32g4xx_hal_i2c.o
                0x000000000800561c                HAL_I2C_Mem_Read
 .text.I2C_RequestMemoryWrite
                0x0000000008005850       0xa8 Drivers/STM32G4xx_HAL_Driver/Src/stm32g4xx_hal_i2c.o
 .text.I2C_RequestMemoryRead
                0x00000000080058f8       0xa8 Drivers/STM32G4xx_HAL_Driver/Src/stm32g4xx_hal_i2c.o
 .text.I2C_Flush_TXDR
                0x00000000080059a0       0x48 Drivers/STM32G4xx_HAL_Driver/Src/stm32g4xx_hal_i2c.o
 .text.I2C_WaitOnFlagUntilTimeout
                0x00000000080059e8       0x80 Drivers/STM32G4xx_HAL_Driver/Src/stm32g4xx_hal_i2c.o
 .text.I2C_WaitOnTXISFlagUntilTimeout
                0x0000000008005a68       0x80 Drivers/STM32G4xx_HAL_Driver/Src/stm32g4xx_hal_i2c.o
 .text.I2C_WaitOnSTOPFlagUntilTimeout
                0x0000000008005ae8       0x78 Drivers/STM32G4xx_HAL_Driver/Src/stm32g4xx_hal_i2c.o
 .text.I2C_IsAcknowledgeFailed
                0x0000000008005b60       0xcc Drivers/STM32G4xx_HAL_Driver/Src/stm32g4xx_hal_i2c.o
 .text.I2C_TransferConfig
                0x0000000008005c2c       0x5c Drivers/STM32G4xx_HAL_Driver/Src/stm32g4xx_hal_i2c.o
 .text.HAL_I2CEx_ConfigAnalogFilter
                0x0000000008005c88       0x96 Drivers/STM32G4xx_HAL_Driver/Src/stm32g4xx_hal_i2c_ex.o
                0x0000000008005c88                HAL_I2CEx_ConfigAnalogFilter
 .text.HAL_I2CEx_ConfigDigitalFilter
                0x0000000008005d1e       0x98 Drivers/STM32G4xx_HAL_Driver/Src/stm32g4xx_hal_i2c_ex.o
                0x0000000008005d1e                HAL_I2CEx_ConfigDigitalFilter
 *fill*         0x0000000008005db6        0x2 
 .text.HAL_PWR_EnableBkUpAccess
                0x0000000008005db8       0x20 Drivers/STM32G4xx_HAL_Driver/Src/stm32g4xx_hal_pwr.o
                0x0000000008005db8                HAL_PWR_EnableBkUpAccess
 .text.HAL_PWREx_ControlVoltageScaling
                0x0000000008005dd8      0x148 Drivers/STM32G4xx_HAL_Driver/Src/stm32g4xx_hal_pwr_ex.o
                0x0000000008005dd8                HAL_PWREx_ControlVoltageScaling
 .text.HAL_RCC_OscConfig
                0x0000000008005f20      0x630 Drivers/STM32G4xx_HAL_Driver/Src/stm32g4xx_hal_rcc.o
                0x0000000008005f20                HAL_RCC_OscConfig
 .text.HAL_RCC_ClockConfig
                0x0000000008006550      0x278 Drivers/STM32G4xx_HAL_Driver/Src/stm32g4xx_hal_rcc.o
                0x0000000008006550                HAL_RCC_ClockConfig
 .text.HAL_RCC_GetSysClockFreq
                0x00000000080067c8       0xc4 Drivers/STM32G4xx_HAL_Driver/Src/stm32g4xx_hal_rcc.o
                0x00000000080067c8                HAL_RCC_GetSysClockFreq
 .text.HAL_RCC_GetHCLKFreq
                0x000000000800688c       0x18 Drivers/STM32G4xx_HAL_Driver/Src/stm32g4xx_hal_rcc.o
                0x000000000800688c                HAL_RCC_GetHCLKFreq
 .text.HAL_RCC_GetPCLK1Freq
                0x00000000080068a4       0x2c Drivers/STM32G4xx_HAL_Driver/Src/stm32g4xx_hal_rcc.o
                0x00000000080068a4                HAL_RCC_GetPCLK1Freq
 .text.HAL_RCC_GetPCLK2Freq
                0x00000000080068d0       0x2c Drivers/STM32G4xx_HAL_Driver/Src/stm32g4xx_hal_rcc.o
                0x00000000080068d0                HAL_RCC_GetPCLK2Freq
 .text.RCC_GetSysClockFreqFromPLLSource
                0x00000000080068fc       0x8c Drivers/STM32G4xx_HAL_Driver/Src/stm32g4xx_hal_rcc.o
 .text.HAL_RCCEx_PeriphCLKConfig
                0x0000000008006988      0x498 Drivers/STM32G4xx_HAL_Driver/Src/stm32g4xx_hal_rcc_ex.o
                0x0000000008006988                HAL_RCCEx_PeriphCLKConfig
 .text.HAL_RTC_Init
                0x0000000008006e20       0xdc Drivers/STM32G4xx_HAL_Driver/Src/stm32g4xx_hal_rtc.o
                0x0000000008006e20                HAL_RTC_Init
 .text.HAL_RTC_SetTime
                0x0000000008006efc      0x12c Drivers/STM32G4xx_HAL_Driver/Src/stm32g4xx_hal_rtc.o
                0x0000000008006efc                HAL_RTC_SetTime
 .text.HAL_RTC_GetTime
                0x0000000008007028       0xb8 Drivers/STM32G4xx_HAL_Driver/Src/stm32g4xx_hal_rtc.o
                0x0000000008007028                HAL_RTC_GetTime
 .text.HAL_RTC_SetDate
                0x00000000080070e0      0x10c Drivers/STM32G4xx_HAL_Driver/Src/stm32g4xx_hal_rtc.o
                0x00000000080070e0                HAL_RTC_SetDate
 .text.HAL_RTC_GetDate
                0x00000000080071ec       0x9c Drivers/STM32G4xx_HAL_Driver/Src/stm32g4xx_hal_rtc.o
                0x00000000080071ec                HAL_RTC_GetDate
 .text.HAL_RTC_WaitForSynchro
                0x0000000008007288       0x4c Drivers/STM32G4xx_HAL_Driver/Src/stm32g4xx_hal_rtc.o
                0x0000000008007288                HAL_RTC_WaitForSynchro
 .text.RTC_EnterInitMode
                0x00000000080072d4       0x68 Drivers/STM32G4xx_HAL_Driver/Src/stm32g4xx_hal_rtc.o
                0x00000000080072d4                RTC_EnterInitMode
 .text.RTC_ExitInitMode
                0x000000000800733c       0x7c Drivers/STM32G4xx_HAL_Driver/Src/stm32g4xx_hal_rtc.o
                0x000000000800733c                RTC_ExitInitMode
 .text.RTC_ByteToBcd2
                0x00000000080073b8       0x40 Drivers/STM32G4xx_HAL_Driver/Src/stm32g4xx_hal_rtc.o
                0x00000000080073b8                RTC_ByteToBcd2
 .text.RTC_Bcd2ToByte
                0x00000000080073f8       0x38 Drivers/STM32G4xx_HAL_Driver/Src/stm32g4xx_hal_rtc.o
                0x00000000080073f8                RTC_Bcd2ToByte
 .text.HAL_RTCEx_BKUPWrite
                0x0000000008007430       0x30 Drivers/STM32G4xx_HAL_Driver/Src/stm32g4xx_hal_rtc_ex.o
                0x0000000008007430                HAL_RTCEx_BKUPWrite
 .text.HAL_RTCEx_BKUPRead
                0x0000000008007460       0x2c Drivers/STM32G4xx_HAL_Driver/Src/stm32g4xx_hal_rtc_ex.o
                0x0000000008007460                HAL_RTCEx_BKUPRead
 .text.HAL_TIM_Base_Init
                0x000000000800748c       0xae Drivers/STM32G4xx_HAL_Driver/Src/stm32g4xx_hal_tim.o
                0x000000000800748c                HAL_TIM_Base_Init
 *fill*         0x000000000800753a        0x2 
 .text.HAL_TIM_Base_Start
                0x000000000800753c       0x5c Drivers/STM32G4xx_HAL_Driver/Src/stm32g4xx_hal_tim.o
                0x000000000800753c                HAL_TIM_Base_Start
 .text.HAL_TIM_PWM_Init
                0x0000000008007598       0xae Drivers/STM32G4xx_HAL_Driver/Src/stm32g4xx_hal_tim.o
                0x0000000008007598                HAL_TIM_PWM_Init
 .text.HAL_TIM_PWM_MspInit
                0x0000000008007646       0x14 Drivers/STM32G4xx_HAL_Driver/Src/stm32g4xx_hal_tim.o
                0x0000000008007646                HAL_TIM_PWM_MspInit
 *fill*         0x000000000800765a        0x2 
 .text.HAL_TIM_PWM_Start_DMA
                0x000000000800765c      0x3d8 Drivers/STM32G4xx_HAL_Driver/Src/stm32g4xx_hal_tim.o
                0x000000000800765c                HAL_TIM_PWM_Start_DMA
 .text.HAL_TIM_PWM_Stop_DMA
                0x0000000008007a34      0x1ec Drivers/STM32G4xx_HAL_Driver/Src/stm32g4xx_hal_tim.o
                0x0000000008007a34                HAL_TIM_PWM_Stop_DMA
 .text.HAL_TIM_Encoder_Init
                0x0000000008007c20      0x14c Drivers/STM32G4xx_HAL_Driver/Src/stm32g4xx_hal_tim.o
                0x0000000008007c20                HAL_TIM_Encoder_Init
 .text.HAL_TIM_PWM_ConfigChannel
                0x0000000008007d6c      0x220 Drivers/STM32G4xx_HAL_Driver/Src/stm32g4xx_hal_tim.o
                0x0000000008007d6c                HAL_TIM_PWM_ConfigChannel
 .text.HAL_TIM_ConfigClockSource
                0x0000000008007f8c      0x224 Drivers/STM32G4xx_HAL_Driver/Src/stm32g4xx_hal_tim.o
                0x0000000008007f8c                HAL_TIM_ConfigClockSource
 .text.HAL_TIM_ErrorCallback
                0x00000000080081b0       0x14 Drivers/STM32G4xx_HAL_Driver/Src/stm32g4xx_hal_tim.o
                0x00000000080081b0                HAL_TIM_ErrorCallback
 .text.TIM_DMAError
                0x00000000080081c4       0x92 Drivers/STM32G4xx_HAL_Driver/Src/stm32g4xx_hal_tim.o
                0x00000000080081c4                TIM_DMAError
 .text.TIM_DMADelayPulseCplt
                0x0000000008008256       0xa8 Drivers/STM32G4xx_HAL_Driver/Src/stm32g4xx_hal_tim.o
 .text.TIM_DMADelayPulseHalfCplt
                0x00000000080082fe       0x68 Drivers/STM32G4xx_HAL_Driver/Src/stm32g4xx_hal_tim.o
                0x00000000080082fe                TIM_DMADelayPulseHalfCplt
 *fill*         0x0000000008008366        0x2 
 .text.TIM_Base_SetConfig
                0x0000000008008368      0x150 Drivers/STM32G4xx_HAL_Driver/Src/stm32g4xx_hal_tim.o
                0x0000000008008368                TIM_Base_SetConfig
 .text.TIM_OC1_SetConfig
                0x00000000080084b8      0x134 Drivers/STM32G4xx_HAL_Driver/Src/stm32g4xx_hal_tim.o
 .text.TIM_OC2_SetConfig
                0x00000000080085ec      0x128 Drivers/STM32G4xx_HAL_Driver/Src/stm32g4xx_hal_tim.o
                0x00000000080085ec                TIM_OC2_SetConfig
 .text.TIM_OC3_SetConfig
                0x0000000008008714      0x124 Drivers/STM32G4xx_HAL_Driver/Src/stm32g4xx_hal_tim.o
 .text.TIM_OC4_SetConfig
                0x0000000008008838      0x128 Drivers/STM32G4xx_HAL_Driver/Src/stm32g4xx_hal_tim.o
 .text.TIM_OC5_SetConfig
                0x0000000008008960       0xd4 Drivers/STM32G4xx_HAL_Driver/Src/stm32g4xx_hal_tim.o
 .text.TIM_OC6_SetConfig
                0x0000000008008a34       0xd8 Drivers/STM32G4xx_HAL_Driver/Src/stm32g4xx_hal_tim.o
 .text.TIM_TI1_ConfigInputStage
                0x0000000008008b0c       0x5e Drivers/STM32G4xx_HAL_Driver/Src/stm32g4xx_hal_tim.o
 .text.TIM_TI2_ConfigInputStage
                0x0000000008008b6a       0x60 Drivers/STM32G4xx_HAL_Driver/Src/stm32g4xx_hal_tim.o
 .text.TIM_ITRx_SetConfig
                0x0000000008008bca       0x3a Drivers/STM32G4xx_HAL_Driver/Src/stm32g4xx_hal_tim.o
 .text.TIM_ETR_SetConfig
                0x0000000008008c04       0x40 Drivers/STM32G4xx_HAL_Driver/Src/stm32g4xx_hal_tim.o
                0x0000000008008c04                TIM_ETR_SetConfig
 .text.TIM_CCxChannelCmd
                0x0000000008008c44       0x4a Drivers/STM32G4xx_HAL_Driver/Src/stm32g4xx_hal_tim.o
                0x0000000008008c44                TIM_CCxChannelCmd
 *fill*         0x0000000008008c8e        0x2 
 .text.HAL_TIMEx_MasterConfigSynchronization
                0x0000000008008c90      0x12c Drivers/STM32G4xx_HAL_Driver/Src/stm32g4xx_hal_tim_ex.o
                0x0000000008008c90                HAL_TIMEx_MasterConfigSynchronization
 .text.HAL_TIMEx_ConfigBreakDeadTime
                0x0000000008008dbc      0x164 Drivers/STM32G4xx_HAL_Driver/Src/stm32g4xx_hal_tim_ex.o
                0x0000000008008dbc                HAL_TIMEx_ConfigBreakDeadTime
 .text.HAL_UART_Init
                0x0000000008008f20       0xa0 Drivers/STM32G4xx_HAL_Driver/Src/stm32g4xx_hal_uart.o
                0x0000000008008f20                HAL_UART_Init
 .text.HAL_UART_Transmit
                0x0000000008008fc0      0x12c Drivers/STM32G4xx_HAL_Driver/Src/stm32g4xx_hal_uart.o
                0x0000000008008fc0                HAL_UART_Transmit
 .text.HAL_UART_Transmit_DMA
                0x00000000080090ec      0x100 Drivers/STM32G4xx_HAL_Driver/Src/stm32g4xx_hal_uart.o
                0x00000000080090ec                HAL_UART_Transmit_DMA
 .text.HAL_UART_Receive_DMA
                0x00000000080091ec      0x110 Drivers/STM32G4xx_HAL_Driver/Src/stm32g4xx_hal_uart.o
                0x00000000080091ec                HAL_UART_Receive_DMA
 .text.HAL_UART_IRQHandler
                0x00000000080092fc      0x2c8 Drivers/STM32G4xx_HAL_Driver/Src/stm32g4xx_hal_uart.o
                0x00000000080092fc                HAL_UART_IRQHandler
 .text.HAL_UART_TxHalfCpltCallback
                0x00000000080095c4       0x14 Drivers/STM32G4xx_HAL_Driver/Src/stm32g4xx_hal_uart.o
                0x00000000080095c4                HAL_UART_TxHalfCpltCallback
 .text.HAL_UART_RxHalfCpltCallback
                0x00000000080095d8       0x14 Drivers/STM32G4xx_HAL_Driver/Src/stm32g4xx_hal_uart.o
                0x00000000080095d8                HAL_UART_RxHalfCpltCallback
 .text.HAL_UART_ErrorCallback
                0x00000000080095ec       0x14 Drivers/STM32G4xx_HAL_Driver/Src/stm32g4xx_hal_uart.o
                0x00000000080095ec                HAL_UART_ErrorCallback
 .text.UART_SetConfig
                0x0000000008009600     0x1378 Drivers/STM32G4xx_HAL_Driver/Src/stm32g4xx_hal_uart.o
                0x0000000008009600                UART_SetConfig
 .text.UART_AdvFeatureConfig
                0x000000000800a978      0x144 Drivers/STM32G4xx_HAL_Driver/Src/stm32g4xx_hal_uart.o
                0x000000000800a978                UART_AdvFeatureConfig
 .text.UART_CheckIdleState
                0x000000000800aabc       0x90 Drivers/STM32G4xx_HAL_Driver/Src/stm32g4xx_hal_uart.o
                0x000000000800aabc                UART_CheckIdleState
 .text.UART_WaitOnFlagUntilTimeout
                0x000000000800ab4c       0x94 Drivers/STM32G4xx_HAL_Driver/Src/stm32g4xx_hal_uart.o
                0x000000000800ab4c                UART_WaitOnFlagUntilTimeout
 .text.UART_EndTxTransfer
                0x000000000800abe0       0x3c Drivers/STM32G4xx_HAL_Driver/Src/stm32g4xx_hal_uart.o
 .text.UART_EndRxTransfer
                0x000000000800ac1c       0x46 Drivers/STM32G4xx_HAL_Driver/Src/stm32g4xx_hal_uart.o
 .text.UART_DMATransmitCplt
                0x000000000800ac62       0x54 Drivers/STM32G4xx_HAL_Driver/Src/stm32g4xx_hal_uart.o
 .text.UART_DMATxHalfCplt
                0x000000000800acb6       0x1c Drivers/STM32G4xx_HAL_Driver/Src/stm32g4xx_hal_uart.o
 .text.UART_DMAReceiveCplt
                0x000000000800acd2       0x6a Drivers/STM32G4xx_HAL_Driver/Src/stm32g4xx_hal_uart.o
 .text.UART_DMARxHalfCplt
                0x000000000800ad3c       0x1c Drivers/STM32G4xx_HAL_Driver/Src/stm32g4xx_hal_uart.o
 .text.UART_DMAError
                0x000000000800ad58       0x80 Drivers/STM32G4xx_HAL_Driver/Src/stm32g4xx_hal_uart.o
 .text.UART_DMAAbortOnError
                0x000000000800add8       0x2c Drivers/STM32G4xx_HAL_Driver/Src/stm32g4xx_hal_uart.o
 .text.UART_EndTransmit_IT
                0x000000000800ae04       0x34 Drivers/STM32G4xx_HAL_Driver/Src/stm32g4xx_hal_uart.o
 .text.HAL_UARTEx_WakeupCallback
                0x000000000800ae38       0x14 Drivers/STM32G4xx_HAL_Driver/Src/stm32g4xx_hal_uart_ex.o
                0x000000000800ae38                HAL_UARTEx_WakeupCallback
 .text.HAL_UARTEx_RxFifoFullCallback
                0x000000000800ae4c       0x14 Drivers/STM32G4xx_HAL_Driver/Src/stm32g4xx_hal_uart_ex.o
                0x000000000800ae4c                HAL_UARTEx_RxFifoFullCallback
 .text.HAL_UARTEx_TxFifoEmptyCallback
                0x000000000800ae60       0x14 Drivers/STM32G4xx_HAL_Driver/Src/stm32g4xx_hal_uart_ex.o
                0x000000000800ae60                HAL_UARTEx_TxFifoEmptyCallback
 .text.HAL_UARTEx_DisableFifoMode
                0x000000000800ae74       0x72 Drivers/STM32G4xx_HAL_Driver/Src/stm32g4xx_hal_uart_ex.o
                0x000000000800ae74                HAL_UARTEx_DisableFifoMode
 .text.HAL_UARTEx_SetTxFifoThreshold
                0x000000000800aee6       0x7c Drivers/STM32G4xx_HAL_Driver/Src/stm32g4xx_hal_uart_ex.o
                0x000000000800aee6                HAL_UARTEx_SetTxFifoThreshold
 .text.HAL_UARTEx_SetRxFifoThreshold
                0x000000000800af62       0x7c Drivers/STM32G4xx_HAL_Driver/Src/stm32g4xx_hal_uart_ex.o
                0x000000000800af62                HAL_UARTEx_SetRxFifoThreshold
 *fill*         0x000000000800afde        0x2 
 .text.UARTEx_SetNbDataToProcess
                0x000000000800afe0       0xd0 Drivers/STM32G4xx_HAL_Driver/Src/stm32g4xx_hal_uart_ex.o
 .text.__errno  0x000000000800b0b0        0xc c:/st/stm32cubeide_1.3.0/stm32cubeide/plugins/com.st.stm32cube.ide.mcu.externaltools.gnu-tools-for-stm32.9-2020-q2-update.win32_1.5.0.202011040924/tools/bin/../lib/gcc/arm-none-eabi/9.3.1/../../../../arm-none-eabi/lib/thumb/v7e-m+fp/hard\libc_nano.a(lib_a-errno.o)
                0x000000000800b0b0                __errno
 .text.__libc_init_array
                0x000000000800b0bc       0x48 c:/st/stm32cubeide_1.3.0/stm32cubeide/plugins/com.st.stm32cube.ide.mcu.externaltools.gnu-tools-for-stm32.9-2020-q2-update.win32_1.5.0.202011040924/tools/bin/../lib/gcc/arm-none-eabi/9.3.1/../../../../arm-none-eabi/lib/thumb/v7e-m+fp/hard\libc_nano.a(lib_a-init.o)
                0x000000000800b0bc                __libc_init_array
 .text.memcmp   0x000000000800b104       0x1c c:/st/stm32cubeide_1.3.0/stm32cubeide/plugins/com.st.stm32cube.ide.mcu.externaltools.gnu-tools-for-stm32.9-2020-q2-update.win32_1.5.0.202011040924/tools/bin/../lib/gcc/arm-none-eabi/9.3.1/../../../../arm-none-eabi/lib/thumb/v7e-m+fp/hard\libc_nano.a(lib_a-memcmp.o)
                0x000000000800b104                memcmp
 .text.memcpy   0x000000000800b120       0x1c c:/st/stm32cubeide_1.3.0/stm32cubeide/plugins/com.st.stm32cube.ide.mcu.externaltools.gnu-tools-for-stm32.9-2020-q2-update.win32_1.5.0.202011040924/tools/bin/../lib/gcc/arm-none-eabi/9.3.1/../../../../arm-none-eabi/lib/thumb/v7e-m+fp/hard\libc_nano.a(lib_a-memcpy-stub.o)
                0x000000000800b120                memcpy
 .text.memset   0x000000000800b13c       0x10 c:/st/stm32cubeide_1.3.0/stm32cubeide/plugins/com.st.stm32cube.ide.mcu.externaltools.gnu-tools-for-stm32.9-2020-q2-update.win32_1.5.0.202011040924/tools/bin/../lib/gcc/arm-none-eabi/9.3.1/../../../../arm-none-eabi/lib/thumb/v7e-m+fp/hard\libc_nano.a(lib_a-memset.o)
                0x000000000800b13c                memset
 .text.sprintf  0x000000000800b14c       0x40 c:/st/stm32cubeide_1.3.0/stm32cubeide/plugins/com.st.stm32cube.ide.mcu.externaltools.gnu-tools-for-stm32.9-2020-q2-update.win32_1.5.0.202011040924/tools/bin/../lib/gcc/arm-none-eabi/9.3.1/../../../../arm-none-eabi/lib/thumb/v7e-m+fp/hard\libc_nano.a(lib_a-sprintf.o)
                0x000000000800b14c                siprintf
                0x000000000800b14c                sprintf
 .text.__ssputs_r
                0x000000000800b18c       0xb6 c:/st/stm32cubeide_1.3.0/stm32cubeide/plugins/com.st.stm32cube.ide.mcu.externaltools.gnu-tools-for-stm32.9-2020-q2-update.win32_1.5.0.202011040924/tools/bin/../lib/gcc/arm-none-eabi/9.3.1/../../../../arm-none-eabi/lib/thumb/v7e-m+fp/hard\libc_nano.a(lib_a-nano-svfprintf.o)
                0x000000000800b18c                __ssputs_r
 *fill*         0x000000000800b242        0x2 
 .text._svfprintf_r
                0x000000000800b244      0x200 c:/st/stm32cubeide_1.3.0/stm32cubeide/plugins/com.st.stm32cube.ide.mcu.externaltools.gnu-tools-for-stm32.9-2020-q2-update.win32_1.5.0.202011040924/tools/bin/../lib/gcc/arm-none-eabi/9.3.1/../../../../arm-none-eabi/lib/thumb/v7e-m+fp/hard\libc_nano.a(lib_a-nano-svfprintf.o)
                0x000000000800b244                _svfiprintf_r
                0x000000000800b244                _svfprintf_r
 .text._printf_common
                0x000000000800b444       0xda c:/st/stm32cubeide_1.3.0/stm32cubeide/plugins/com.st.stm32cube.ide.mcu.externaltools.gnu-tools-for-stm32.9-2020-q2-update.win32_1.5.0.202011040924/tools/bin/../lib/gcc/arm-none-eabi/9.3.1/../../../../arm-none-eabi/lib/thumb/v7e-m+fp/hard\libc_nano.a(lib_a-nano-vfprintf_i.o)
                0x000000000800b444                _printf_common
 *fill*         0x000000000800b51e        0x2 
 .text._printf_i
                0x000000000800b520      0x24c c:/st/stm32cubeide_1.3.0/stm32cubeide/plugins/com.st.stm32cube.ide.mcu.externaltools.gnu-tools-for-stm32.9-2020-q2-update.win32_1.5.0.202011040924/tools/bin/../lib/gcc/arm-none-eabi/9.3.1/../../../../arm-none-eabi/lib/thumb/v7e-m+fp/hard\libc_nano.a(lib_a-nano-vfprintf_i.o)
                0x000000000800b520                _printf_i
 .text.memmove  0x000000000800b76c       0x34 c:/st/stm32cubeide_1.3.0/stm32cubeide/plugins/com.st.stm32cube.ide.mcu.externaltools.gnu-tools-for-stm32.9-2020-q2-update.win32_1.5.0.202011040924/tools/bin/../lib/gcc/arm-none-eabi/9.3.1/../../../../arm-none-eabi/lib/thumb/v7e-m+fp/hard\libc_nano.a(lib_a-memmove.o)
                0x000000000800b76c                memmove
 .text._free_r  0x000000000800b7a0       0xa0 c:/st/stm32cubeide_1.3.0/stm32cubeide/plugins/com.st.stm32cube.ide.mcu.externaltools.gnu-tools-for-stm32.9-2020-q2-update.win32_1.5.0.202011040924/tools/bin/../lib/gcc/arm-none-eabi/9.3.1/../../../../arm-none-eabi/lib/thumb/v7e-m+fp/hard\libc_nano.a(lib_a-nano-freer.o)
                0x000000000800b7a0                _free_r
 .text._malloc_r
                0x000000000800b840       0xb4 c:/st/stm32cubeide_1.3.0/stm32cubeide/plugins/com.st.stm32cube.ide.mcu.externaltools.gnu-tools-for-stm32.9-2020-q2-update.win32_1.5.0.202011040924/tools/bin/../lib/gcc/arm-none-eabi/9.3.1/../../../../arm-none-eabi/lib/thumb/v7e-m+fp/hard\libc_nano.a(lib_a-nano-mallocr.o)
                0x000000000800b840                _malloc_r
 .text._realloc_r
                0x000000000800b8f4       0x4c c:/st/stm32cubeide_1.3.0/stm32cubeide/plugins/com.st.stm32cube.ide.mcu.externaltools.gnu-tools-for-stm32.9-2020-q2-update.win32_1.5.0.202011040924/tools/bin/../lib/gcc/arm-none-eabi/9.3.1/../../../../arm-none-eabi/lib/thumb/v7e-m+fp/hard\libc_nano.a(lib_a-nano-reallocr.o)
                0x000000000800b8f4                _realloc_r
 .text._sbrk_r  0x000000000800b940       0x20 c:/st/stm32cubeide_1.3.0/stm32cubeide/plugins/com.st.stm32cube.ide.mcu.externaltools.gnu-tools-for-stm32.9-2020-q2-update.win32_1.5.0.202011040924/tools/bin/../lib/gcc/arm-none-eabi/9.3.1/../../../../arm-none-eabi/lib/thumb/v7e-m+fp/hard\libc_nano.a(lib_a-sbrkr.o)
                0x000000000800b940                _sbrk_r
 .text.__malloc_lock
                0x000000000800b960        0xc c:/st/stm32cubeide_1.3.0/stm32cubeide/plugins/com.st.stm32cube.ide.mcu.externaltools.gnu-tools-for-stm32.9-2020-q2-update.win32_1.5.0.202011040924/tools/bin/../lib/gcc/arm-none-eabi/9.3.1/../../../../arm-none-eabi/lib/thumb/v7e-m+fp/hard\libc_nano.a(lib_a-mlock.o)
                0x000000000800b960                __malloc_lock
 .text.__malloc_unlock
                0x000000000800b96c        0xc c:/st/stm32cubeide_1.3.0/stm32cubeide/plugins/com.st.stm32cube.ide.mcu.externaltools.gnu-tools-for-stm32.9-2020-q2-update.win32_1.5.0.202011040924/tools/bin/../lib/gcc/arm-none-eabi/9.3.1/../../../../arm-none-eabi/lib/thumb/v7e-m+fp/hard\libc_nano.a(lib_a-mlock.o)
                0x000000000800b96c                __malloc_unlock
 .text._malloc_usable_size_r
                0x000000000800b978       0x10 c:/st/stm32cubeide_1.3.0/stm32cubeide/plugins/com.st.stm32cube.ide.mcu.externaltools.gnu-tools-for-stm32.9-2020-q2-update.win32_1.5.0.202011040924/tools/bin/../lib/gcc/arm-none-eabi/9.3.1/../../../../arm-none-eabi/lib/thumb/v7e-m+fp/hard\libc_nano.a(lib_a-nano-msizer.o)
                0x000000000800b978                _malloc_usable_size_r
 .text.__retarget_lock_acquire_recursive
                0x000000000800b988        0x2 c:/st/stm32cubeide_1.3.0/stm32cubeide/plugins/com.st.stm32cube.ide.mcu.externaltools.gnu-tools-for-stm32.9-2020-q2-update.win32_1.5.0.202011040924/tools/bin/../lib/gcc/arm-none-eabi/9.3.1/../../../../arm-none-eabi/lib/thumb/v7e-m+fp/hard\libc_nano.a(lib_a-lock.o)
                0x000000000800b988                __retarget_lock_acquire_recursive
 .text.__retarget_lock_release_recursive
                0x000000000800b98a        0x2 c:/st/stm32cubeide_1.3.0/stm32cubeide/plugins/com.st.stm32cube.ide.mcu.externaltools.gnu-tools-for-stm32.9-2020-q2-update.win32_1.5.0.202011040924/tools/bin/../lib/gcc/arm-none-eabi/9.3.1/../../../../arm-none-eabi/lib/thumb/v7e-m+fp/hard\libc_nano.a(lib_a-lock.o)
                0x000000000800b98a                __retarget_lock_release_recursive
 *fill*         0x000000000800b98c        0x4 
 .text.floor    0x000000000800b990      0x100 c:/st/stm32cubeide_1.3.0/stm32cubeide/plugins/com.st.stm32cube.ide.mcu.externaltools.gnu-tools-for-stm32.9-2020-q2-update.win32_1.5.0.202011040924/tools/bin/../lib/gcc/arm-none-eabi/9.3.1/../../../../arm-none-eabi/lib/thumb/v7e-m+fp/hard\libm.a(lib_a-s_floor.o)
                0x000000000800b990                floor
 *(.glue_7)
 .glue_7        0x000000000800ba90        0x0 linker stubs
 *(.glue_7t)
 .glue_7t       0x000000000800ba90        0x0 linker stubs
 *(.eh_frame)
 .eh_frame      0x000000000800ba90        0x0 c:/st/stm32cubeide_1.3.0/stm32cubeide/plugins/com.st.stm32cube.ide.mcu.externaltools.gnu-tools-for-stm32.9-2020-q2-update.win32_1.5.0.202011040924/tools/bin/../lib/gcc/arm-none-eabi/9.3.1/thumb/v7e-m+fp/hard/crtbegin.o
 *(.init)
 .init          0x000000000800ba90        0x4 c:/st/stm32cubeide_1.3.0/stm32cubeide/plugins/com.st.stm32cube.ide.mcu.externaltools.gnu-tools-for-stm32.9-2020-q2-update.win32_1.5.0.202011040924/tools/bin/../lib/gcc/arm-none-eabi/9.3.1/thumb/v7e-m+fp/hard/crti.o
                0x000000000800ba90                _init
 .init          0x000000000800ba94        0x8 c:/st/stm32cubeide_1.3.0/stm32cubeide/plugins/com.st.stm32cube.ide.mcu.externaltools.gnu-tools-for-stm32.9-2020-q2-update.win32_1.5.0.202011040924/tools/bin/../lib/gcc/arm-none-eabi/9.3.1/thumb/v7e-m+fp/hard/crtn.o
 *(.fini)
 .fini          0x000000000800ba9c        0x4 c:/st/stm32cubeide_1.3.0/stm32cubeide/plugins/com.st.stm32cube.ide.mcu.externaltools.gnu-tools-for-stm32.9-2020-q2-update.win32_1.5.0.202011040924/tools/bin/../lib/gcc/arm-none-eabi/9.3.1/thumb/v7e-m+fp/hard/crti.o
                0x000000000800ba9c                _fini
 .fini          0x000000000800baa0        0x8 c:/st/stm32cubeide_1.3.0/stm32cubeide/plugins/com.st.stm32cube.ide.mcu.externaltools.gnu-tools-for-stm32.9-2020-q2-update.win32_1.5.0.202011040924/tools/bin/../lib/gcc/arm-none-eabi/9.3.1/thumb/v7e-m+fp/hard/crtn.o
                0x000000000800baa8                . = ALIGN (0x4)
                0x000000000800baa8                _etext = .

.vfp11_veneer   0x000000000800baa8        0x0
 .vfp11_veneer  0x000000000800baa8        0x0 linker stubs

.v4_bx          0x000000000800baa8        0x0
 .v4_bx         0x000000000800baa8        0x0 linker stubs

.iplt           0x000000000800baa8        0x0
 .iplt          0x000000000800baa8        0x0 c:/st/stm32cubeide_1.3.0/stm32cubeide/plugins/com.st.stm32cube.ide.mcu.externaltools.gnu-tools-for-stm32.9-2020-q2-update.win32_1.5.0.202011040924/tools/bin/../lib/gcc/arm-none-eabi/9.3.1/thumb/v7e-m+fp/hard/crtbegin.o

.rodata         0x000000000800baa8      0x1cc
                0x000000000800baa8                . = ALIGN (0x4)
 *(.rodata)
 .rodata        0x000000000800baa8       0x22 Core/Src/clock.o
 *fill*         0x000000000800baca        0x2 
 .rodata        0x000000000800bacc       0x4f Core/Src/main.o
 *fill*         0x000000000800bb1b        0x1 
 .rodata        0x000000000800bb1c        0x8 Core/Src/seven_segment.o
 .rodata        0x000000000800bb24       0x10 Drivers/STM32G4xx_HAL_Driver/Src/stm32g4xx_hal_uart_ex.o
 *(.rodata*)
 .rodata.LUT.10930
                0x000000000800bb34       0x80 Core/Src/seven_segment.o
 .rodata.LUT.10957
                0x000000000800bbb4       0x70 Core/Src/seven_segment.o
 .rodata.AHBPrescTable
                0x000000000800bc24       0x10 Core/Src/system_stm32g4xx.o
                0x000000000800bc24                AHBPrescTable
 .rodata.APBPrescTable
                0x000000000800bc34        0x8 Core/Src/system_stm32g4xx.o
                0x000000000800bc34                APBPrescTable
 .rodata.eom    0x000000000800bc3c        0x4 Core/Src/uart_handler.o
                0x000000000800bc3c                eom
 .rodata._svfprintf_r.str1.1
                0x000000000800bc40       0x11 c:/st/stm32cubeide_1.3.0/stm32cubeide/plugins/com.st.stm32cube.ide.mcu.externaltools.gnu-tools-for-stm32.9-2020-q2-update.win32_1.5.0.202011040924/tools/bin/../lib/gcc/arm-none-eabi/9.3.1/../../../../arm-none-eabi/lib/thumb/v7e-m+fp/hard\libc_nano.a(lib_a-nano-svfprintf.o)
 .rodata._printf_i.str1.1
                0x000000000800bc51       0x22 c:/st/stm32cubeide_1.3.0/stm32cubeide/plugins/com.st.stm32cube.ide.mcu.externaltools.gnu-tools-for-stm32.9-2020-q2-update.win32_1.5.0.202011040924/tools/bin/../lib/gcc/arm-none-eabi/9.3.1/../../../../arm-none-eabi/lib/thumb/v7e-m+fp/hard\libc_nano.a(lib_a-nano-vfprintf_i.o)
                0x000000000800bc74                . = ALIGN (0x4)
 *fill*         0x000000000800bc73        0x1 

.ARM.extab      0x000000000800bc74        0x0
                0x000000000800bc74                . = ALIGN (0x4)
 *(.ARM.extab* .gnu.linkonce.armextab.*)
                0x000000000800bc74                . = ALIGN (0x4)

.ARM            0x000000000800bc74        0x8
                0x000000000800bc74                . = ALIGN (0x4)
                0x000000000800bc74                __exidx_start = .
 *(.ARM.exidx*)
 .ARM.exidx     0x000000000800bc74        0x8 c:/st/stm32cubeide_1.3.0/stm32cubeide/plugins/com.st.stm32cube.ide.mcu.externaltools.gnu-tools-for-stm32.9-2020-q2-update.win32_1.5.0.202011040924/tools/bin/../lib/gcc/arm-none-eabi/9.3.1/thumb/v7e-m+fp/hard\libgcc.a(_udivmoddi4.o)
                0x000000000800bc7c                __exidx_end = .
                0x000000000800bc7c                . = ALIGN (0x4)

.rel.dyn        0x000000000800bc7c        0x0
 .rel.iplt      0x000000000800bc7c        0x0 c:/st/stm32cubeide_1.3.0/stm32cubeide/plugins/com.st.stm32cube.ide.mcu.externaltools.gnu-tools-for-stm32.9-2020-q2-update.win32_1.5.0.202011040924/tools/bin/../lib/gcc/arm-none-eabi/9.3.1/thumb/v7e-m+fp/hard/crtbegin.o

.preinit_array  0x000000000800bc7c        0x0
                0x000000000800bc7c                . = ALIGN (0x4)
                0x000000000800bc7c                PROVIDE (__preinit_array_start = .)
 *(.preinit_array*)
                0x000000000800bc7c                PROVIDE (__preinit_array_end = .)
                0x000000000800bc7c                . = ALIGN (0x4)

.init_array     0x000000000800bc7c        0x4
                0x000000000800bc7c                . = ALIGN (0x4)
                0x000000000800bc7c                PROVIDE (__init_array_start = .)
 *(SORT_BY_NAME(.init_array.*))
 *(.init_array*)
 .init_array    0x000000000800bc7c        0x4 c:/st/stm32cubeide_1.3.0/stm32cubeide/plugins/com.st.stm32cube.ide.mcu.externaltools.gnu-tools-for-stm32.9-2020-q2-update.win32_1.5.0.202011040924/tools/bin/../lib/gcc/arm-none-eabi/9.3.1/thumb/v7e-m+fp/hard/crtbegin.o
                0x000000000800bc80                PROVIDE (__init_array_end = .)
                0x000000000800bc80                . = ALIGN (0x4)

.fini_array     0x000000000800bc80        0x4
                0x000000000800bc80                . = ALIGN (0x4)
                [!provide]                        PROVIDE (__fini_array_start = .)
 *(SORT_BY_NAME(.fini_array.*))
 *(.fini_array*)
 .fini_array    0x000000000800bc80        0x4 c:/st/stm32cubeide_1.3.0/stm32cubeide/plugins/com.st.stm32cube.ide.mcu.externaltools.gnu-tools-for-stm32.9-2020-q2-update.win32_1.5.0.202011040924/tools/bin/../lib/gcc/arm-none-eabi/9.3.1/thumb/v7e-m+fp/hard/crtbegin.o
                [!provide]                        PROVIDE (__fini_array_end = .)
                0x000000000800bc84                . = ALIGN (0x4)
                0x000000000800bc84                _sidata = LOADADDR (.data)

.data           0x0000000020000000       0x70 load address 0x000000000800bc84
                0x0000000020000000                . = ALIGN (0x4)
                0x0000000020000000                _sdata = .
 *(.data)
 *(.data*)
 .data.SystemCoreClock
                0x0000000020000000        0x4 Core/Src/system_stm32g4xx.o
                0x0000000020000000                SystemCoreClock
 .data.uwTickPrio
                0x0000000020000004        0x4 Drivers/STM32G4xx_HAL_Driver/Src/stm32g4xx_hal.o
                0x0000000020000004                uwTickPrio
 .data.uwTickFreq
                0x0000000020000008        0x4 Drivers/STM32G4xx_HAL_Driver/Src/stm32g4xx_hal.o
                0x0000000020000008                uwTickFreq
 .data._impure_ptr
                0x000000002000000c        0x4 c:/st/stm32cubeide_1.3.0/stm32cubeide/plugins/com.st.stm32cube.ide.mcu.externaltools.gnu-tools-for-stm32.9-2020-q2-update.win32_1.5.0.202011040924/tools/bin/../lib/gcc/arm-none-eabi/9.3.1/../../../../arm-none-eabi/lib/thumb/v7e-m+fp/hard\libc_nano.a(lib_a-impure.o)
                0x000000002000000c                _impure_ptr
 .data.impure_data
                0x0000000020000010       0x60 c:/st/stm32cubeide_1.3.0/stm32cubeide/plugins/com.st.stm32cube.ide.mcu.externaltools.gnu-tools-for-stm32.9-2020-q2-update.win32_1.5.0.202011040924/tools/bin/../lib/gcc/arm-none-eabi/9.3.1/../../../../arm-none-eabi/lib/thumb/v7e-m+fp/hard\libc_nano.a(lib_a-impure.o)
                0x0000000020000070                . = ALIGN (0x4)
                0x0000000020000070                _edata = .

.igot.plt       0x0000000020000070        0x0 load address 0x000000000800bcf4
 .igot.plt      0x0000000020000070        0x0 c:/st/stm32cubeide_1.3.0/stm32cubeide/plugins/com.st.stm32cube.ide.mcu.externaltools.gnu-tools-for-stm32.9-2020-q2-update.win32_1.5.0.202011040924/tools/bin/../lib/gcc/arm-none-eabi/9.3.1/thumb/v7e-m+fp/hard/crtbegin.o
                0x0000000020000070                . = ALIGN (0x4)

.bss            0x0000000020000070      0x8e8 load address 0x000000000800bcf4
                0x0000000020000070                _sbss = .
                0x0000000020000070                __bss_start__ = _sbss
 *(.bss)
 .bss           0x0000000020000070       0x1c c:/st/stm32cubeide_1.3.0/stm32cubeide/plugins/com.st.stm32cube.ide.mcu.externaltools.gnu-tools-for-stm32.9-2020-q2-update.win32_1.5.0.202011040924/tools/bin/../lib/gcc/arm-none-eabi/9.3.1/thumb/v7e-m+fp/hard/crtbegin.o
 *(.bss*)
 .bss.heap_end.6585
                0x000000002000008c        0x4 Core/Src/sysmem.o
 .bss.cv        0x0000000020000090        0x4 Core/Src/uart_handler.o
                0x0000000020000090                cv
 .bss.sc        0x0000000020000094        0x6 Core/Src/uart_handler.o
                0x0000000020000094                sc
 *fill*         0x000000002000009a        0x2 
 .bss.__malloc_free_list
                0x000000002000009c        0x4 c:/st/stm32cubeide_1.3.0/stm32cubeide/plugins/com.st.stm32cube.ide.mcu.externaltools.gnu-tools-for-stm32.9-2020-q2-update.win32_1.5.0.202011040924/tools/bin/../lib/gcc/arm-none-eabi/9.3.1/../../../../arm-none-eabi/lib/thumb/v7e-m+fp/hard\libc_nano.a(lib_a-nano-mallocr.o)
                0x000000002000009c                __malloc_free_list
 .bss.__malloc_sbrk_start
                0x00000000200000a0        0x4 c:/st/stm32cubeide_1.3.0/stm32cubeide/plugins/com.st.stm32cube.ide.mcu.externaltools.gnu-tools-for-stm32.9-2020-q2-update.win32_1.5.0.202011040924/tools/bin/../lib/gcc/arm-none-eabi/9.3.1/../../../../arm-none-eabi/lib/thumb/v7e-m+fp/hard\libc_nano.a(lib_a-nano-mallocr.o)
                0x00000000200000a0                __malloc_sbrk_start
 *(COMMON)
 COMMON         0x00000000200000a4      0x100 Core/Src/dma_uart_rb.o
                0x00000000200000a4                rx_last_pos
                0x00000000200000a8                process_buffer
                0x00000000200000e8                rx_buffer
                0x0000000020000128                tx_buffer
                0x0000000020000168                tx_rb
                0x0000000020000184                rx_current_pos
                0x0000000020000186                tx_len
                0x0000000020000188                rx_rb
 COMMON         0x00000000200001a4       0x98 Core/Src/i2c.o
                0x00000000200001a4                hi2c1
                0x00000000200001f0                hi2c2
 COMMON         0x000000002000023c      0x134 Core/Src/main.o
                0x000000002000023c                D_MnTen
                0x0000000020000288                D_HrTen
                0x00000000200002d4                D_HrOne
                0x0000000020000320                clock_state
                0x0000000020000324                D_MnOne
 COMMON         0x0000000020000370       0x28 Core/Src/rtc.o
                0x0000000020000370                hrtc
 COMMON         0x0000000020000398      0x310 Core/Src/tim.o
                0x0000000020000398                hdma_tim4_ch2
                0x00000000200003f8                htim4
                0x0000000020000444                hdma_tim3_ch3
                0x00000000200004a4                htim3
                0x00000000200004f0                hdma_tim3_ch1
                0x0000000020000550                hdma_tim3_ch2
                0x00000000200005b0                htim1
                0x00000000200005fc                htim2
                0x0000000020000648                hdma_tim4_ch1
 COMMON         0x00000000200006a8      0x298 Core/Src/usart.o
                0x00000000200006a8                hdma_uart4_rx
                0x0000000020000708                hlpuart1
                0x0000000020000794                hdma_lpuart1_tx
                0x00000000200007f4                hdma_lpuart1_rx
                0x0000000020000854                huart4
                0x00000000200008e0                hdma_uart4_tx
 COMMON         0x0000000020000940        0x4 Core/Src/ws2812b.o
                0x0000000020000940                GLS
 COMMON         0x0000000020000944        0x4 Drivers/STM32G4xx_HAL_Driver/Src/stm32g4xx_hal.o
                0x0000000020000944                uwTick
 COMMON         0x0000000020000948        0x4 c:/st/stm32cubeide_1.3.0/stm32cubeide/plugins/com.st.stm32cube.ide.mcu.externaltools.gnu-tools-for-stm32.9-2020-q2-update.win32_1.5.0.202011040924/tools/bin/../lib/gcc/arm-none-eabi/9.3.1/../../../../arm-none-eabi/lib/thumb/v7e-m+fp/hard\libc_nano.a(lib_a-reent.o)
                0x0000000020000948                errno
 COMMON         0x000000002000094c        0x9 c:/st/stm32cubeide_1.3.0/stm32cubeide/plugins/com.st.stm32cube.ide.mcu.externaltools.gnu-tools-for-stm32.9-2020-q2-update.win32_1.5.0.202011040924/tools/bin/../lib/gcc/arm-none-eabi/9.3.1/../../../../arm-none-eabi/lib/thumb/v7e-m+fp/hard\libc_nano.a(lib_a-lock.o)
                0x000000002000094c                __lock___atexit_recursive_mutex
                0x000000002000094d                __lock___arc4random_mutex
                0x000000002000094e                __lock___env_recursive_mutex
                0x000000002000094f                __lock___sinit_recursive_mutex
                0x0000000020000950                __lock___malloc_recursive_mutex
                0x0000000020000951                __lock___at_quick_exit_mutex
                0x0000000020000952                __lock___dd_hash_mutex
                0x0000000020000953                __lock___tz_mutex
                0x0000000020000954                __lock___sfp_recursive_mutex
                0x0000000020000958                . = ALIGN (0x4)
 *fill*         0x0000000020000955        0x3 
                0x0000000020000958                _ebss = .
                0x0000000020000958                __bss_end__ = _ebss

._user_heap_stack
                0x0000000020000958      0x600 load address 0x000000000800bcf4
                0x0000000020000958                . = ALIGN (0x8)
                0x0000000020000958                PROVIDE (end = .)
                [!provide]                        PROVIDE (_end = .)
                0x0000000020000b58                . = (. + _Min_Heap_Size)
 *fill*         0x0000000020000958      0x200 
                0x0000000020000f58                . = (. + _Min_Stack_Size)
 *fill*         0x0000000020000b58      0x400 
                0x0000000020000f58                . = ALIGN (0x8)

/DISCARD/
 libc.a(*)
 libm.a(*)
 libgcc.a(*)

.ARM.attributes
                0x0000000000000000       0x30
 *(.ARM.attributes)
 .ARM.attributes
                0x0000000000000000       0x1e c:/st/stm32cubeide_1.3.0/stm32cubeide/plugins/com.st.stm32cube.ide.mcu.externaltools.gnu-tools-for-stm32.9-2020-q2-update.win32_1.5.0.202011040924/tools/bin/../lib/gcc/arm-none-eabi/9.3.1/thumb/v7e-m+fp/hard/crti.o
 .ARM.attributes
                0x000000000000001e       0x34 c:/st/stm32cubeide_1.3.0/stm32cubeide/plugins/com.st.stm32cube.ide.mcu.externaltools.gnu-tools-for-stm32.9-2020-q2-update.win32_1.5.0.202011040924/tools/bin/../lib/gcc/arm-none-eabi/9.3.1/thumb/v7e-m+fp/hard/crtbegin.o
 .ARM.attributes
                0x0000000000000052       0x34 Core/Src/clock.o
 .ARM.attributes
                0x0000000000000086       0x34 Core/Src/dma.o
 .ARM.attributes
                0x00000000000000ba       0x34 Core/Src/dma_uart_rb.o
 .ARM.attributes
                0x00000000000000ee       0x34 Core/Src/gpio.o
 .ARM.attributes
                0x0000000000000122       0x34 Core/Src/i2c.o
 .ARM.attributes
                0x0000000000000156       0x34 Core/Src/main.o
 .ARM.attributes
                0x000000000000018a       0x34 Core/Src/pca9685.o
 .ARM.attributes
                0x00000000000001be       0x34 Core/Src/ringbuff.o
 .ARM.attributes
                0x00000000000001f2       0x34 Core/Src/rtc.o
 .ARM.attributes
                0x0000000000000226       0x34 Core/Src/seven_segment.o
 .ARM.attributes
                0x000000000000025a       0x34 Core/Src/stm32g4xx_hal_msp.o
 .ARM.attributes
                0x000000000000028e       0x34 Core/Src/stm32g4xx_it.o
 .ARM.attributes
                0x00000000000002c2       0x34 Core/Src/sysmem.o
 .ARM.attributes
                0x00000000000002f6       0x34 Core/Src/system_stm32g4xx.o
 .ARM.attributes
                0x000000000000032a       0x34 Core/Src/tim.o
 .ARM.attributes
                0x000000000000035e       0x34 Core/Src/uart_handler.o
 .ARM.attributes
                0x0000000000000392       0x34 Core/Src/usart.o
 .ARM.attributes
                0x00000000000003c6       0x34 Core/Src/utilities.o
 .ARM.attributes
                0x00000000000003fa       0x34 Core/Src/ws2812b.o
 .ARM.attributes
                0x000000000000042e       0x21 Core/Startup/startup_stm32g474retx.o
 .ARM.attributes
                0x000000000000044f       0x34 Drivers/STM32G4xx_HAL_Driver/Src/stm32g4xx_hal.o
 .ARM.attributes
                0x0000000000000483       0x34 Drivers/STM32G4xx_HAL_Driver/Src/stm32g4xx_hal_cortex.o
 .ARM.attributes
                0x00000000000004b7       0x34 Drivers/STM32G4xx_HAL_Driver/Src/stm32g4xx_hal_dma.o
 .ARM.attributes
                0x00000000000004eb       0x34 Drivers/STM32G4xx_HAL_Driver/Src/stm32g4xx_hal_gpio.o
 .ARM.attributes
                0x000000000000051f       0x34 Drivers/STM32G4xx_HAL_Driver/Src/stm32g4xx_hal_i2c.o
 .ARM.attributes
                0x0000000000000553       0x34 Drivers/STM32G4xx_HAL_Driver/Src/stm32g4xx_hal_i2c_ex.o
 .ARM.attributes
                0x0000000000000587       0x34 Drivers/STM32G4xx_HAL_Driver/Src/stm32g4xx_hal_pwr.o
 .ARM.attributes
                0x00000000000005bb       0x34 Drivers/STM32G4xx_HAL_Driver/Src/stm32g4xx_hal_pwr_ex.o
 .ARM.attributes
                0x00000000000005ef       0x34 Drivers/STM32G4xx_HAL_Driver/Src/stm32g4xx_hal_rcc.o
 .ARM.attributes
                0x0000000000000623       0x34 Drivers/STM32G4xx_HAL_Driver/Src/stm32g4xx_hal_rcc_ex.o
 .ARM.attributes
                0x0000000000000657       0x34 Drivers/STM32G4xx_HAL_Driver/Src/stm32g4xx_hal_rtc.o
 .ARM.attributes
                0x000000000000068b       0x34 Drivers/STM32G4xx_HAL_Driver/Src/stm32g4xx_hal_rtc_ex.o
 .ARM.attributes
                0x00000000000006bf       0x34 Drivers/STM32G4xx_HAL_Driver/Src/stm32g4xx_hal_tim.o
 .ARM.attributes
                0x00000000000006f3       0x34 Drivers/STM32G4xx_HAL_Driver/Src/stm32g4xx_hal_tim_ex.o
 .ARM.attributes
                0x0000000000000727       0x34 Drivers/STM32G4xx_HAL_Driver/Src/stm32g4xx_hal_uart.o
 .ARM.attributes
                0x000000000000075b       0x34 Drivers/STM32G4xx_HAL_Driver/Src/stm32g4xx_hal_uart_ex.o
 .ARM.attributes
                0x000000000000078f       0x34 c:/st/stm32cubeide_1.3.0/stm32cubeide/plugins/com.st.stm32cube.ide.mcu.externaltools.gnu-tools-for-stm32.9-2020-q2-update.win32_1.5.0.202011040924/tools/bin/../lib/gcc/arm-none-eabi/9.3.1/../../../../arm-none-eabi/lib/thumb/v7e-m+fp/hard\libc_nano.a(lib_a-errno.o)
 .ARM.attributes
                0x00000000000007c3       0x32 c:/st/stm32cubeide_1.3.0/stm32cubeide/plugins/com.st.stm32cube.ide.mcu.externaltools.gnu-tools-for-stm32.9-2020-q2-update.win32_1.5.0.202011040924/tools/bin/../lib/gcc/arm-none-eabi/9.3.1/../../../../arm-none-eabi/lib/thumb/v7e-m+fp/hard\libc_nano.a(lib_a-impure.o)
 .ARM.attributes
                0x00000000000007f5       0x34 c:/st/stm32cubeide_1.3.0/stm32cubeide/plugins/com.st.stm32cube.ide.mcu.externaltools.gnu-tools-for-stm32.9-2020-q2-update.win32_1.5.0.202011040924/tools/bin/../lib/gcc/arm-none-eabi/9.3.1/../../../../arm-none-eabi/lib/thumb/v7e-m+fp/hard\libc_nano.a(lib_a-init.o)
 .ARM.attributes
                0x0000000000000829       0x34 c:/st/stm32cubeide_1.3.0/stm32cubeide/plugins/com.st.stm32cube.ide.mcu.externaltools.gnu-tools-for-stm32.9-2020-q2-update.win32_1.5.0.202011040924/tools/bin/../lib/gcc/arm-none-eabi/9.3.1/../../../../arm-none-eabi/lib/thumb/v7e-m+fp/hard\libc_nano.a(lib_a-memcmp.o)
 .ARM.attributes
                0x000000000000085d       0x34 c:/st/stm32cubeide_1.3.0/stm32cubeide/plugins/com.st.stm32cube.ide.mcu.externaltools.gnu-tools-for-stm32.9-2020-q2-update.win32_1.5.0.202011040924/tools/bin/../lib/gcc/arm-none-eabi/9.3.1/../../../../arm-none-eabi/lib/thumb/v7e-m+fp/hard\libc_nano.a(lib_a-memcpy-stub.o)
 .ARM.attributes
                0x0000000000000891       0x34 c:/st/stm32cubeide_1.3.0/stm32cubeide/plugins/com.st.stm32cube.ide.mcu.externaltools.gnu-tools-for-stm32.9-2020-q2-update.win32_1.5.0.202011040924/tools/bin/../lib/gcc/arm-none-eabi/9.3.1/../../../../arm-none-eabi/lib/thumb/v7e-m+fp/hard\libc_nano.a(lib_a-memset.o)
 .ARM.attributes
                0x00000000000008c5       0x34 c:/st/stm32cubeide_1.3.0/stm32cubeide/plugins/com.st.stm32cube.ide.mcu.externaltools.gnu-tools-for-stm32.9-2020-q2-update.win32_1.5.0.202011040924/tools/bin/../lib/gcc/arm-none-eabi/9.3.1/../../../../arm-none-eabi/lib/thumb/v7e-m+fp/hard\libc_nano.a(lib_a-sprintf.o)
 .ARM.attributes
                0x00000000000008f9       0x17 c:/st/stm32cubeide_1.3.0/stm32cubeide/plugins/com.st.stm32cube.ide.mcu.externaltools.gnu-tools-for-stm32.9-2020-q2-update.win32_1.5.0.202011040924/tools/bin/../lib/gcc/arm-none-eabi/9.3.1/../../../../arm-none-eabi/lib/thumb/v7e-m+fp/hard\libc_nano.a(lib_a-strlen.o)
 .ARM.attributes
                0x0000000000000910       0x34 c:/st/stm32cubeide_1.3.0/stm32cubeide/plugins/com.st.stm32cube.ide.mcu.externaltools.gnu-tools-for-stm32.9-2020-q2-update.win32_1.5.0.202011040924/tools/bin/../lib/gcc/arm-none-eabi/9.3.1/../../../../arm-none-eabi/lib/thumb/v7e-m+fp/hard\libc_nano.a(lib_a-nano-svfprintf.o)
 .ARM.attributes
                0x0000000000000944       0x34 c:/st/stm32cubeide_1.3.0/stm32cubeide/plugins/com.st.stm32cube.ide.mcu.externaltools.gnu-tools-for-stm32.9-2020-q2-update.win32_1.5.0.202011040924/tools/bin/../lib/gcc/arm-none-eabi/9.3.1/../../../../arm-none-eabi/lib/thumb/v7e-m+fp/hard\libc_nano.a(lib_a-nano-vfprintf_i.o)
 .ARM.attributes
                0x0000000000000978       0x1c c:/st/stm32cubeide_1.3.0/stm32cubeide/plugins/com.st.stm32cube.ide.mcu.externaltools.gnu-tools-for-stm32.9-2020-q2-update.win32_1.5.0.202011040924/tools/bin/../lib/gcc/arm-none-eabi/9.3.1/../../../../arm-none-eabi/lib/thumb/v7e-m+fp/hard\libc_nano.a(lib_a-memchr.o)
 .ARM.attributes
                0x0000000000000994       0x34 c:/st/stm32cubeide_1.3.0/stm32cubeide/plugins/com.st.stm32cube.ide.mcu.externaltools.gnu-tools-for-stm32.9-2020-q2-update.win32_1.5.0.202011040924/tools/bin/../lib/gcc/arm-none-eabi/9.3.1/../../../../arm-none-eabi/lib/thumb/v7e-m+fp/hard\libc_nano.a(lib_a-memmove.o)
 .ARM.attributes
                0x00000000000009c8       0x34 c:/st/stm32cubeide_1.3.0/stm32cubeide/plugins/com.st.stm32cube.ide.mcu.externaltools.gnu-tools-for-stm32.9-2020-q2-update.win32_1.5.0.202011040924/tools/bin/../lib/gcc/arm-none-eabi/9.3.1/../../../../arm-none-eabi/lib/thumb/v7e-m+fp/hard\libc_nano.a(lib_a-nano-freer.o)
 .ARM.attributes
                0x00000000000009fc       0x34 c:/st/stm32cubeide_1.3.0/stm32cubeide/plugins/com.st.stm32cube.ide.mcu.externaltools.gnu-tools-for-stm32.9-2020-q2-update.win32_1.5.0.202011040924/tools/bin/../lib/gcc/arm-none-eabi/9.3.1/../../../../arm-none-eabi/lib/thumb/v7e-m+fp/hard\libc_nano.a(lib_a-nano-mallocr.o)
 .ARM.attributes
                0x0000000000000a30       0x34 c:/st/stm32cubeide_1.3.0/stm32cubeide/plugins/com.st.stm32cube.ide.mcu.externaltools.gnu-tools-for-stm32.9-2020-q2-update.win32_1.5.0.202011040924/tools/bin/../lib/gcc/arm-none-eabi/9.3.1/../../../../arm-none-eabi/lib/thumb/v7e-m+fp/hard\libc_nano.a(lib_a-nano-reallocr.o)
 .ARM.attributes
                0x0000000000000a64       0x34 c:/st/stm32cubeide_1.3.0/stm32cubeide/plugins/com.st.stm32cube.ide.mcu.externaltools.gnu-tools-for-stm32.9-2020-q2-update.win32_1.5.0.202011040924/tools/bin/../lib/gcc/arm-none-eabi/9.3.1/../../../../arm-none-eabi/lib/thumb/v7e-m+fp/hard\libc_nano.a(lib_a-sbrkr.o)
 .ARM.attributes
                0x0000000000000a98       0x34 c:/st/stm32cubeide_1.3.0/stm32cubeide/plugins/com.st.stm32cube.ide.mcu.externaltools.gnu-tools-for-stm32.9-2020-q2-update.win32_1.5.0.202011040924/tools/bin/../lib/gcc/arm-none-eabi/9.3.1/../../../../arm-none-eabi/lib/thumb/v7e-m+fp/hard\libc_nano.a(lib_a-mlock.o)
 .ARM.attributes
                0x0000000000000acc       0x34 c:/st/stm32cubeide_1.3.0/stm32cubeide/plugins/com.st.stm32cube.ide.mcu.externaltools.gnu-tools-for-stm32.9-2020-q2-update.win32_1.5.0.202011040924/tools/bin/../lib/gcc/arm-none-eabi/9.3.1/../../../../arm-none-eabi/lib/thumb/v7e-m+fp/hard\libc_nano.a(lib_a-nano-msizer.o)
 .ARM.attributes
                0x0000000000000b00       0x34 c:/st/stm32cubeide_1.3.0/stm32cubeide/plugins/com.st.stm32cube.ide.mcu.externaltools.gnu-tools-for-stm32.9-2020-q2-update.win32_1.5.0.202011040924/tools/bin/../lib/gcc/arm-none-eabi/9.3.1/../../../../arm-none-eabi/lib/thumb/v7e-m+fp/hard\libc_nano.a(lib_a-reent.o)
 .ARM.attributes
                0x0000000000000b34       0x34 c:/st/stm32cubeide_1.3.0/stm32cubeide/plugins/com.st.stm32cube.ide.mcu.externaltools.gnu-tools-for-stm32.9-2020-q2-update.win32_1.5.0.202011040924/tools/bin/../lib/gcc/arm-none-eabi/9.3.1/../../../../arm-none-eabi/lib/thumb/v7e-m+fp/hard\libc_nano.a(lib_a-lock.o)
 .ARM.attributes
                0x0000000000000b68       0x34 c:/st/stm32cubeide_1.3.0/stm32cubeide/plugins/com.st.stm32cube.ide.mcu.externaltools.gnu-tools-for-stm32.9-2020-q2-update.win32_1.5.0.202011040924/tools/bin/../lib/gcc/arm-none-eabi/9.3.1/../../../../arm-none-eabi/lib/thumb/v7e-m+fp/hard\libm.a(lib_a-s_floor.o)
 .ARM.attributes
                0x0000000000000b9c       0x1e c:/st/stm32cubeide_1.3.0/stm32cubeide/plugins/com.st.stm32cube.ide.mcu.externaltools.gnu-tools-for-stm32.9-2020-q2-update.win32_1.5.0.202011040924/tools/bin/../lib/gcc/arm-none-eabi/9.3.1/thumb/v7e-m+fp/hard\libgcc.a(_arm_addsubdf3.o)
 .ARM.attributes
                0x0000000000000bba       0x1e c:/st/stm32cubeide_1.3.0/stm32cubeide/plugins/com.st.stm32cube.ide.mcu.externaltools.gnu-tools-for-stm32.9-2020-q2-update.win32_1.5.0.202011040924/tools/bin/../lib/gcc/arm-none-eabi/9.3.1/thumb/v7e-m+fp/hard\libgcc.a(_arm_muldivdf3.o)
 .ARM.attributes
                0x0000000000000bd8       0x1e c:/st/stm32cubeide_1.3.0/stm32cubeide/plugins/com.st.stm32cube.ide.mcu.externaltools.gnu-tools-for-stm32.9-2020-q2-update.win32_1.5.0.202011040924/tools/bin/../lib/gcc/arm-none-eabi/9.3.1/thumb/v7e-m+fp/hard\libgcc.a(_arm_cmpdf2.o)
 .ARM.attributes
                0x0000000000000bf6       0x1e c:/st/stm32cubeide_1.3.0/stm32cubeide/plugins/com.st.stm32cube.ide.mcu.externaltools.gnu-tools-for-stm32.9-2020-q2-update.win32_1.5.0.202011040924/tools/bin/../lib/gcc/arm-none-eabi/9.3.1/thumb/v7e-m+fp/hard\libgcc.a(_arm_fixunsdfsi.o)
 .ARM.attributes
                0x0000000000000c14       0x1e c:/st/stm32cubeide_1.3.0/stm32cubeide/plugins/com.st.stm32cube.ide.mcu.externaltools.gnu-tools-for-stm32.9-2020-q2-update.win32_1.5.0.202011040924/tools/bin/../lib/gcc/arm-none-eabi/9.3.1/thumb/v7e-m+fp/hard\libgcc.a(_arm_truncdfsf2.o)
 .ARM.attributes
                0x0000000000000c32       0x1e c:/st/stm32cubeide_1.3.0/stm32cubeide/plugins/com.st.stm32cube.ide.mcu.externaltools.gnu-tools-for-stm32.9-2020-q2-update.win32_1.5.0.202011040924/tools/bin/../lib/gcc/arm-none-eabi/9.3.1/thumb/v7e-m+fp/hard\libgcc.a(_aeabi_uldivmod.o)
 .ARM.attributes
                0x0000000000000c50       0x34 c:/st/stm32cubeide_1.3.0/stm32cubeide/plugins/com.st.stm32cube.ide.mcu.externaltools.gnu-tools-for-stm32.9-2020-q2-update.win32_1.5.0.202011040924/tools/bin/../lib/gcc/arm-none-eabi/9.3.1/thumb/v7e-m+fp/hard\libgcc.a(_udivmoddi4.o)
 .ARM.attributes
                0x0000000000000c84       0x1e c:/st/stm32cubeide_1.3.0/stm32cubeide/plugins/com.st.stm32cube.ide.mcu.externaltools.gnu-tools-for-stm32.9-2020-q2-update.win32_1.5.0.202011040924/tools/bin/../lib/gcc/arm-none-eabi/9.3.1/thumb/v7e-m+fp/hard\libgcc.a(_dvmd_tls.o)
 .ARM.attributes
                0x0000000000000ca2       0x1e c:/st/stm32cubeide_1.3.0/stm32cubeide/plugins/com.st.stm32cube.ide.mcu.externaltools.gnu-tools-for-stm32.9-2020-q2-update.win32_1.5.0.202011040924/tools/bin/../lib/gcc/arm-none-eabi/9.3.1/thumb/v7e-m+fp/hard/crtn.o
OUTPUT(KineticClock.elf elf32-littlearm)
LOAD linker stubs
LOAD c:/st/stm32cubeide_1.3.0/stm32cubeide/plugins/com.st.stm32cube.ide.mcu.externaltools.gnu-tools-for-stm32.9-2020-q2-update.win32_1.5.0.202011040924/tools/bin/../lib/gcc/arm-none-eabi/9.3.1/../../../../arm-none-eabi/lib/thumb/v7e-m+fp/hard\libc.a
LOAD c:/st/stm32cubeide_1.3.0/stm32cubeide/plugins/com.st.stm32cube.ide.mcu.externaltools.gnu-tools-for-stm32.9-2020-q2-update.win32_1.5.0.202011040924/tools/bin/../lib/gcc/arm-none-eabi/9.3.1/../../../../arm-none-eabi/lib/thumb/v7e-m+fp/hard\libm.a
LOAD c:/st/stm32cubeide_1.3.0/stm32cubeide/plugins/com.st.stm32cube.ide.mcu.externaltools.gnu-tools-for-stm32.9-2020-q2-update.win32_1.5.0.202011040924/tools/bin/../lib/gcc/arm-none-eabi/9.3.1/thumb/v7e-m+fp/hard\libgcc.a

.debug_info     0x0000000000000000    0x27300
 .debug_info    0x0000000000000000     0x16ac Core/Src/clock.o
 .debug_info    0x00000000000016ac      0x7c8 Core/Src/dma.o
 .debug_info    0x0000000000001e74     0x1486 Core/Src/dma_uart_rb.o